\BOOKMARK [1][-]{section.0.1}{\376\377\000I\000n\000t\000r\000o\000d\000u\000c\000t\000i\000o\000n}{}% 1
\BOOKMARK [2][-]{subsection.0.1.1}{\376\377\000C\000o\000m\000p\000u\000t\000i\000n\000g\000\040\000n\000e\000t\000w\000o\000r\000k\000\040\000r\000e\000l\000i\000a\000b\000i\000l\000i\000t\000y}{section.0.1}% 2
\BOOKMARK [1][-]{section.0.2}{\376\377\000T\000h\000e\000\040\000B\000e\000l\000i\000e\000f\000\040\000o\000f\000\040\000a\000\040\000N\000o\000d\000e}{}% 3
\BOOKMARK [1][-]{section.0.3}{\376\377\000P\000r\000o\000p\000a\000g\000a\000t\000i\000o\000n\000\040\000i\000n\000\040\000a\000\040\000S\000i\000n\000g\000l\000e\000\040\000P\000a\000s\000s}{}% 4
\BOOKMARK [1][-]{section.0.4}{\376\377\000R\000e\000c\000o\000n\000v\000e\000r\000g\000e\000n\000c\000e\000\040\000B\000r\000e\000a\000k\000s\000\040\000t\000h\000e\000\040\000L\000o\000c\000a\000l\000\040\000U\000p\000d\000a\000t\000e}{}% 5
\BOOKMARK [1][-]{section.0.5}{\376\377\000C\000o\000n\000d\000i\000t\000i\000o\000n\000i\000n\000g\000\040\000a\000t\000\040\000a\000\040\000J\000o\000i\000n}{}% 6
\BOOKMARK [1][-]{section.0.6}{\376\377\000S\000u\000p\000e\000r\000n\000o\000d\000e\000s\000\040\000a\000n\000d\000\040\000P\000r\000o\000g\000r\000e\000s\000s\000i\000v\000e\000\040\000D\000e\000c\000o\000m\000p\000o\000s\000i\000t\000i\000o\000n}{}% 7
\BOOKMARK [2][-]{subsection.0.6.1}{\376\377\000A\000\040\000m\000u\000l\000t\000i\000-\000l\000e\000v\000e\000l\000\040\000w\000o\000r\000k\000e\000d\000\040\000e\000x\000a\000m\000p\000l\000e}{section.0.6}% 8
\BOOKMARK [1][-]{section.0.7}{\376\377\000V\000a\000l\000i\000d\000a\000t\000i\000o\000n}{}% 9
\BOOKMARK [1][-]{section.0.8}{\376\377\000C\000o\000m\000p\000l\000e\000x\000i\000t\000y\000\040\000A\000n\000a\000l\000y\000s\000i\000s}{}% 10
\BOOKMARK [1][-]{section.0.9}{\376\377\000P\000r\000o\000p\000a\000g\000a\000t\000i\000n\000g\000\040\000U\000n\000c\000e\000r\000t\000a\000i\000n\000\040\000P\000r\000o\000b\000a\000b\000i\000l\000i\000t\000i\000e\000s}{}% 11
\BOOKMARK [2][-]{subsection.0.9.1}{\376\377\000I\000n\000t\000e\000r\000v\000a\000l\000\040\000i\000n\000p\000u\000t\000s\000\040\000a\000r\000e\000\040\000p\000r\000o\000p\000a\000g\000a\000t\000e\000d\000\040\000e\000x\000a\000c\000t\000l\000y}{section.0.9}% 12
\BOOKMARK [1][-]{section.0.10}{\376\377\000P\000r\000o\000b\000a\000b\000i\000l\000i\000t\000y\000-\000B\000o\000x\000\040\000P\000r\000o\000p\000a\000g\000a\000t\000i\000o\000n}{}% 13
\BOOKMARK [2][-]{subsection.0.10.1}{\376\377\000T\000h\000e\000\040\000c\000o\000n\000d\000i\000t\000i\000o\000n\000i\000n\000g\000\040\000c\000o\000m\000b\000i\000n\000a\000t\000i\000o\000n\000\040\000i\000s\000\040\000n\000o\000t\000\040\000a\000\040\000c\000o\000n\000v\000o\000l\000u\000t\000i\000o\000n}{section.0.10}% 14
\BOOKMARK [2][-]{subsection.0.10.2}{\376\377\000T\000w\000o\000\040\000d\000e\000p\000e\000n\000d\000e\000n\000c\000e\000\040\000b\000o\000u\000n\000d\000s\000,\000\040\000o\000n\000e\000\040\000p\000r\000o\000v\000e\000d\000\040\000a\000n\000d\000\040\000o\000n\000e\000\040\000o\000p\000e\000n}{section.0.10}% 15
\BOOKMARK [2][-]{subsection.0.10.3}{\376\377\000W\000h\000a\000t\000\040\000t\000h\000e\000\040\000b\000o\000u\000n\000d\000s\000\040\000a\000r\000e\000\040\000w\000o\000r\000t\000h}{section.0.10}% 16
\BOOKMARK [2][-]{subsection.0.10.4}{\376\377\000T\000h\000e\000\040\000c\000o\000s\000t\000\040\000o\000f\000\040\000t\000h\000e\000\040\000d\000i\000s\000t\000r\000i\000b\000u\000t\000i\000o\000n}{section.0.10}% 17
\BOOKMARK [1][-]{section.0.11}{\376\377\000C\000a\000s\000e\000\040\000S\000t\000u\000d\000y\000:\000\040\000A\000\040\000M\000e\000d\000i\000c\000a\000l\000\040\000D\000r\000o\000n\000e\000\040\000L\000o\000g\000i\000s\000t\000i\000c\000s\000\040\000N\000e\000t\000w\000o\000r\000k}{}% 18
\BOOKMARK [2][-]{subsection.0.11.1}{\376\377\000I\000n\000p\000u\000t\000s\000,\000\040\000t\000r\000a\000c\000e\000d\000\040\000t\000o\000\040\000t\000h\000e\000i\000r\000\040\000s\000o\000u\000r\000c\000e}{section.0.11}% 19
\BOOKMARK [2][-]{subsection.0.11.2}{\376\377\000T\000h\000r\000e\000e\000\040\000d\000e\000s\000i\000g\000n\000s\000\040\000a\000n\000d\000\040\000t\000h\000e\000\040\000r\000e\000d\000u\000n\000d\000a\000n\000c\000y\000\040\000b\000o\000u\000n\000d\000a\000r\000y}{section.0.11}% 20
\BOOKMARK [2][-]{subsection.0.11.3}{\376\377\000W\000h\000a\000t\000\040\000t\000h\000e\000\040\000p\000r\000o\000p\000a\000g\000a\000t\000e\000d\000\040\000b\000o\000u\000n\000d\000s\000\040\000s\000a\000y}{section.0.11}% 21
\BOOKMARK [1][-]{section.0.12}{\376\377\000S\000u\000m\000m\000a\000r\000y}{}% 22
