IPA Case Study — Raw Data Capture
Generated : 2026-06-21 15:21:29
Networks  : munin-dag, metro_directed_dag_for_ipm, pareto-point-1-high-resilience-fw, pareto-point-2-high-resilience-vtol, pareto-point-3-medium-resilience-sparse, pareto-point-4-low-resilience-minimal, pareto-point-5-medium-resilience-fw, pareto-point-6-balanced

======================================================================
Network: munin-dag
======================================================================
Load time         : 19.0 ms
Structure time    : 5.99 ms
Decomposition time: 0.535 s
Propagation time  : 2.308 s
Total time        : 2.842 s

Source node priors:
  Node 1: R(v) = 0.9
  Node 8: R(v) = 0.9
  Node 10: R(v) = 0.9
  Node 12: R(v) = 0.9
  Node 13: R(v) = 0.9
  Node 49: R(v) = 0.9
  Node 85: R(v) = 0.9
  Node 128: R(v) = 0.9
  Node 187: R(v) = 0.9
  Node 188: R(v) = 0.9
  Node 189: R(v) = 0.9
  Node 190: R(v) = 0.9
  Node 191: R(v) = 0.9
  Node 192: R(v) = 0.9
  Node 193: R(v) = 0.9
  Node 194: R(v) = 0.9
  Node 195: R(v) = 0.9
  Node 196: R(v) = 0.9
  Node 197: R(v) = 0.9
  Node 198: R(v) = 0.9
  Node 199: R(v) = 0.9
  Node 200: R(v) = 0.9
  Node 201: R(v) = 0.9
  Node 202: R(v) = 0.9
  Node 203: R(v) = 0.9
  Node 204: R(v) = 0.9
  Node 205: R(v) = 0.9
  Node 206: R(v) = 0.9
  Node 237: R(v) = 0.9
  Node 238: R(v) = 0.9
  Node 239: R(v) = 0.9
  Node 240: R(v) = 0.9
  Node 241: R(v) = 0.9
  Node 242: R(v) = 0.9
  Node 243: R(v) = 0.9
  Node 244: R(v) = 0.9
  Node 245: R(v) = 0.9
  Node 246: R(v) = 0.9
  Node 247: R(v) = 0.9
  Node 248: R(v) = 0.9
  Node 249: R(v) = 0.9
  Node 250: R(v) = 0.9
  Node 251: R(v) = 0.9
  Node 253: R(v) = 0.9
  Node 255: R(v) = 0.9
  Node 256: R(v) = 0.9
  Node 257: R(v) = 0.9
  Node 270: R(v) = 0.9
  Node 271: R(v) = 0.9
  Node 272: R(v) = 0.9
  Node 273: R(v) = 0.9
  Node 274: R(v) = 0.9
  Node 275: R(v) = 0.9
  Node 288: R(v) = 0.9
  Node 289: R(v) = 0.9
  Node 290: R(v) = 0.9
  Node 291: R(v) = 0.9
  Node 292: R(v) = 0.9
  Node 293: R(v) = 0.9
  Node 306: R(v) = 0.9
  Node 307: R(v) = 0.9
  Node 308: R(v) = 0.9
  Node 309: R(v) = 0.9
  Node 310: R(v) = 0.9
  Node 311: R(v) = 0.9
  Node 312: R(v) = 0.9
  Node 313: R(v) = 0.9
  Node 314: R(v) = 0.9
  Node 326: R(v) = 0.9
  Node 328: R(v) = 0.9
  Node 365: R(v) = 0.9
  Node 369: R(v) = 0.9
  Node 381: R(v) = 0.9
  Node 382: R(v) = 0.9
  Node 383: R(v) = 0.9
  Node 384: R(v) = 0.9
  Node 385: R(v) = 0.9
  Node 386: R(v) = 0.9
  Node 391: R(v) = 0.9
  Node 392: R(v) = 0.9
  Node 393: R(v) = 0.9
  Node 394: R(v) = 0.9
  Node 395: R(v) = 0.9
  Node 396: R(v) = 0.9
  Node 397: R(v) = 0.9
  Node 398: R(v) = 0.9
  Node 399: R(v) = 0.9
  Node 400: R(v) = 0.9
  Node 401: R(v) = 0.9
  Node 402: R(v) = 0.9
  Node 403: R(v) = 0.9
  Node 404: R(v) = 0.9
  Node 405: R(v) = 0.9
  Node 406: R(v) = 0.9
  Node 407: R(v) = 0.9
  Node 408: R(v) = 0.9
  Node 409: R(v) = 0.9
  Node 410: R(v) = 0.9
  Node 411: R(v) = 0.9
  Node 412: R(v) = 0.9
  Node 413: R(v) = 0.9
  Node 414: R(v) = 0.9
  Node 430: R(v) = 0.9
  Node 431: R(v) = 0.9
  Node 432: R(v) = 0.9
  Node 433: R(v) = 0.9
  Node 434: R(v) = 0.9
  Node 435: R(v) = 0.9
  Node 436: R(v) = 0.9
  Node 437: R(v) = 0.9
  Node 438: R(v) = 0.9
  Node 439: R(v) = 0.9
  Node 440: R(v) = 0.9
  Node 441: R(v) = 0.9
  Node 442: R(v) = 0.9
  Node 443: R(v) = 0.9
  Node 444: R(v) = 0.9
  Node 445: R(v) = 0.9
  Node 446: R(v) = 0.9
  Node 447: R(v) = 0.9
  Node 448: R(v) = 0.9
  Node 451: R(v) = 0.9
  Node 452: R(v) = 0.9
  Node 453: R(v) = 0.9
  Node 454: R(v) = 0.9
  Node 455: R(v) = 0.9
  Node 456: R(v) = 0.9
  Node 457: R(v) = 0.9
  Node 467: R(v) = 0.9
  Node 469: R(v) = 0.9
  Node 523: R(v) = 0.9
  Node 527: R(v) = 0.9
  Node 563: R(v) = 0.9
  Node 599: R(v) = 0.9
  Node 642: R(v) = 0.9
  Node 701: R(v) = 0.9
  Node 702: R(v) = 0.9
  Node 703: R(v) = 0.9
  Node 704: R(v) = 0.9
  Node 705: R(v) = 0.9
  Node 706: R(v) = 0.9
  Node 707: R(v) = 0.9
  Node 708: R(v) = 0.9
  Node 709: R(v) = 0.9
  Node 710: R(v) = 0.9
  Node 711: R(v) = 0.9
  Node 712: R(v) = 0.9
  Node 713: R(v) = 0.9
  Node 714: R(v) = 0.9
  Node 715: R(v) = 0.9
  Node 716: R(v) = 0.9
  Node 717: R(v) = 0.9
  Node 718: R(v) = 0.9
  Node 719: R(v) = 0.9
  Node 720: R(v) = 0.9
  Node 751: R(v) = 0.9
  Node 752: R(v) = 0.9
  Node 753: R(v) = 0.9
  Node 754: R(v) = 0.9
  Node 755: R(v) = 0.9
  Node 756: R(v) = 0.9
  Node 757: R(v) = 0.9
  Node 758: R(v) = 0.9
  Node 759: R(v) = 0.9
  Node 760: R(v) = 0.9
  Node 761: R(v) = 0.9
  Node 762: R(v) = 0.9
  Node 763: R(v) = 0.9
  Node 764: R(v) = 0.9
  Node 765: R(v) = 0.9
  Node 767: R(v) = 0.9
  Node 769: R(v) = 0.9
  Node 770: R(v) = 0.9
  Node 771: R(v) = 0.9
  Node 784: R(v) = 0.9
  Node 785: R(v) = 0.9
  Node 786: R(v) = 0.9
  Node 787: R(v) = 0.9
  Node 788: R(v) = 0.9
  Node 789: R(v) = 0.9
  Node 802: R(v) = 0.9
  Node 803: R(v) = 0.9
  Node 804: R(v) = 0.9
  Node 805: R(v) = 0.9
  Node 806: R(v) = 0.9
  Node 807: R(v) = 0.9
  Node 820: R(v) = 0.9
  Node 821: R(v) = 0.9
  Node 822: R(v) = 0.9
  Node 823: R(v) = 0.9
  Node 824: R(v) = 0.9
  Node 825: R(v) = 0.9
  Node 826: R(v) = 0.9
  Node 827: R(v) = 0.9
  Node 828: R(v) = 0.9
  Node 840: R(v) = 0.9
  Node 842: R(v) = 0.9
  Node 879: R(v) = 0.9
  Node 883: R(v) = 0.9
  Node 895: R(v) = 0.9
  Node 896: R(v) = 0.9
  Node 897: R(v) = 0.9
  Node 898: R(v) = 0.9
  Node 899: R(v) = 0.9
  Node 900: R(v) = 0.9
  Node 905: R(v) = 0.9
  Node 906: R(v) = 0.9
  Node 907: R(v) = 0.9
  Node 908: R(v) = 0.9
  Node 909: R(v) = 0.9
  Node 910: R(v) = 0.9
  Node 911: R(v) = 0.9
  Node 912: R(v) = 0.9
  Node 913: R(v) = 0.9
  Node 914: R(v) = 0.9
  Node 915: R(v) = 0.9
  Node 916: R(v) = 0.9
  Node 917: R(v) = 0.9
  Node 918: R(v) = 0.9
  Node 919: R(v) = 0.9
  Node 920: R(v) = 0.9
  Node 921: R(v) = 0.9
  Node 922: R(v) = 0.9
  Node 923: R(v) = 0.9
  Node 924: R(v) = 0.9
  Node 925: R(v) = 0.9
  Node 926: R(v) = 0.9
  Node 927: R(v) = 0.9
  Node 928: R(v) = 0.9
  Node 944: R(v) = 0.9
  Node 945: R(v) = 0.9
  Node 946: R(v) = 0.9
  Node 947: R(v) = 0.9
  Node 948: R(v) = 0.9
  Node 949: R(v) = 0.9
  Node 950: R(v) = 0.9
  Node 951: R(v) = 0.9
  Node 952: R(v) = 0.9
  Node 953: R(v) = 0.9
  Node 954: R(v) = 0.9
  Node 955: R(v) = 0.9
  Node 956: R(v) = 0.9
  Node 957: R(v) = 0.9
  Node 958: R(v) = 0.9
  Node 959: R(v) = 0.9
  Node 960: R(v) = 0.9
  Node 961: R(v) = 0.9
  Node 962: R(v) = 0.9
  Node 965: R(v) = 0.9
  Node 966: R(v) = 0.9
  Node 967: R(v) = 0.9
  Node 968: R(v) = 0.9
  Node 969: R(v) = 0.9
  Node 970: R(v) = 0.9
  Node 971: R(v) = 0.9
  Node 981: R(v) = 0.9
  Node 983: R(v) = 0.9
  Node 1037: R(v) = 0.9
  Node 1041: R(v) = 0.9

Node beliefs b(v):
  Node   b(v)           Type
  ------------------------------------
  1      0.9            source
  2      0.892731       sink
  3      0.892731       sink
  4      0.892731       sink
  5      0.86751        
  6      0.86251        
  7      0.86251        
  8      0.9            source
  9      0.86751        
  10     0.9            source
  11     0.86251        
  12     0.9            source
  13     0.9            source
  14     0.851586       
  15     0.851546       
  16     0.853667       
  17     0.852416       
  18     0.860059       sink
  19     0.86039        
  20     0.852592       
  21     0.854395       
  22     0.690457       
  23     0.690457       
  24     0.694632       sink
  25     0.69147        sink
  26     0.852945       sink
  27     0.853667       
  28     0.690457       sink
  29     0.860491       sink
  30     0.86039        
  31     0.857571       
  32     0.55927        sink
  33     0.55927        sink
  34     0.689408       sink
  35     0.55927        sink
  36     0.55927        sink
  37     0.851121       
  38     0.689785       sink
  39     0.694632       sink
  40     0.694632       sink
  41     0.694632       sink
  42     0.690599       sink
  43     0.694632       sink
  44     0.689752       sink
  45     0.689752       sink
  46     0.689752       sink
  47     0.696916       sink
  48     0.690457       sink
  49     0.9            source
  50     0.850386       
  51     0.846283       
  52     0.854602       
  53     0.848468       
  54     0.859874       sink
  55     0.853715       
  56     0.85367        
  57     0.851985       
  58     0.687259       
  59     0.687259       
  60     0.676782       sink
  61     0.692228       sink
  62     0.851868       sink
  63     0.854602       
  64     0.687259       sink
  65     0.860121       sink
  66     0.853715       
  67     0.835534       
  68     0.55668        sink
  69     0.55668        sink
  70     0.687508       sink
  71     0.55668        sink
  72     0.55668        sink
  73     0.848776       
  74     0.688813       sink
  75     0.676782       sink
  76     0.676782       sink
  77     0.676782       sink
  78     0.691473       sink
  79     0.676782       sink
  80     0.685489       sink
  81     0.685489       sink
  82     0.685489       sink
  83     0.691509       sink
  84     0.687259       sink
  85     0.9            source
  86     0.68984        sink
  87     0.861622       
  88     0.848667       
  89     0.825386       
  90     0.830536       
  91     0.668563       sink
  92     0.729          
  93     0.851654       
  94     0.853433       
  95     0.855471       
  96     0.852756       
  97     0.86007        sink
  98     0.860695       
  99     0.854438       
  100    0.85442        
  101    0.690733       
  102    0.690733       
  103    0.69466        sink
  104    0.692932       sink
  105    0.85333        sink
  106    0.855471       
  107    0.690733       sink
  108    0.860495       sink
  109    0.860695       
  110    0.857605       
  111    0.559493       sink
  112    0.559493       sink
  113    0.689739       sink
  114    0.559493       sink
  115    0.559493       sink
  116    0.85153        
  117    0.68984        sink
  118    0.69466        sink
  119    0.69466        sink
  120    0.69466        sink
  121    0.692095       sink
  122    0.69466        sink
  123    0.69128        sink
  124    0.69128        sink
  125    0.69128        sink
  126    0.697163       sink
  127    0.690733       sink
  128    0.9            source
  129    0.69147        
  130    0.692228       
  131    0.692932       
  132    0.892731       
  133    0.892731       
  134    0.86174        
  135    0.892731       
  136    0.892731       
  137    0.86174        
  138    0.892731       
  139    0.892731       
  140    0.86174        
  141    0.892731       
  142    0.892731       
  143    0.86174        
  144    0.86174        
  145    0.86174        
  146    0.892731       
  147    0.892731       
  148    0.86174        
  149    0.892731       
  150    0.892731       
  151    0.86174        
  152    0.86174        
  153    0.86174        
  154    0.86174        
  155    0.86174        
  156    0.866391       
  157    0.866391       
  158    0.861622       
  159    0.866391       
  160    0.866391       
  161    0.861622       
  162    0.865408       
  163    0.865408       
  164    0.855715       
  165    0.865408       
  166    0.865408       
  167    0.855715       
  168    0.855715       
  169    0.855715       
  170    0.861622       
  171    0.861622       
  172    0.861622       
  173    0.861622       
  174    0.855715       
  175    0.86174        
  176    0.86174        
  177    0.86174        
  178    0.86174        
  179    0.86174        
  180    0.86174        
  181    0.86174        
  182    0.86174        
  183    0.86174        
  184    0.86174        
  185    0.86174        
  186    0.86174        
  187    0.9            source
  188    0.9            source
  189    0.9            source
  190    0.9            source
  191    0.9            source
  192    0.9            source
  193    0.9            source
  194    0.9            source
  195    0.9            source
  196    0.9            source
  197    0.9            source
  198    0.9            source
  199    0.9            source
  200    0.9            source
  201    0.9            source
  202    0.9            source
  203    0.9            source
  204    0.9            source
  205    0.9            source
  206    0.9            source
  207    0.86751        
  208    0.86751        
  209    0.86751        
  210    0.86751        
  211    0.86751        
  212    0.86751        
  213    0.861414       
  214    0.861414       
  215    0.85674        
  216    0.861414       
  217    0.861414       
  218    0.85674        
  219    0.893827       
  220    0.893827       
  221    0.86751        
  222    0.893827       
  223    0.893827       
  224    0.86751        
  225    0.855715       
  226    0.830536       
  227    0.830536       
  228    0.855715       
  229    0.86751        
  230    0.729          
  231    0.86751        
  232    0.86751        
  233    0.729          
  234    0.86751        
  235    0.86751        
  236    0.729          
  237    0.9            source
  238    0.9            source
  239    0.9            source
  240    0.9            source
  241    0.9            source
  242    0.9            source
  243    0.9            source
  244    0.9            source
  245    0.9            source
  246    0.9            source
  247    0.9            source
  248    0.9            source
  249    0.9            source
  250    0.9            source
  251    0.9            source
  252    0.86251        
  253    0.9            source
  254    0.729          
  255    0.9            source
  256    0.9            source
  257    0.9            source
  258    0.893827       
  259    0.893827       
  260    0.86751        
  261    0.893827       
  262    0.893827       
  263    0.86751        
  264    0.865408       
  265    0.865408       
  266    0.855715       
  267    0.865408       
  268    0.865408       
  269    0.855715       
  270    0.9            source
  271    0.9            source
  272    0.9            source
  273    0.9            source
  274    0.9            source
  275    0.9            source
  276    0.86751        
  277    0.86751        
  278    0.86751        
  279    0.86751        
  280    0.86751        
  281    0.86751        
  282    0.86251        
  283    0.86251        
  284    0.86251        
  285    0.86251        
  286    0.86251        
  287    0.86251        
  288    0.9            source
  289    0.9            source
  290    0.9            source
  291    0.9            source
  292    0.9            source
  293    0.9            source
  294    0.893827       
  295    0.893827       
  296    0.86751        
  297    0.893827       
  298    0.893827       
  299    0.86751        
  300    0.86751        
  301    0.86751        
  302    0.86751        
  303    0.729          
  304    0.86751        
  305    0.86751        
  306    0.9            source
  307    0.9            source
  308    0.9            source
  309    0.9            source
  310    0.9            source
  311    0.9            source
  312    0.9            source
  313    0.9            source
  314    0.9            source
  315    0.855454       
  316    0.855454       
  317    0.853736       
  318    0.855454       
  319    0.855454       
  320    0.853736       
  321    0.855471       
  322    0.855471       
  323    0.855471       
  324    0.855471       
  325    0.854785       
  326    0.9            source
  327    0.86751        
  328    0.9            source
  329    0.821344       
  330    0.833628       
  331    0.830453       
  332    0.847319       sink
  333    0.665289       sink
  334    0.861622       
  335    0.855715       
  336    0.675239       sink
  337    0.672667       sink
  338    0.69801        
  339    0.861622       
  340    0.861622       
  341    0.822056       
  342    0.693129       
  343    0.824402       
  344    0.85442        
  345    0.853299       
  346    0.729          
  347    0.702683       
  348    0.79356        
  349    0.739622       
  350    0.729          
  351    0.59049        
  352    0.860695       
  353    0.848706       
  354    0.845962       
  355    0.697914       sink
  356    0.688813       sink
  357    0.861622       
  358    0.855715       
  359    0.687452       sink
  360    0.822267       
  361    0.853144       
  362    0.69801        
  363    0.861622       
  364    0.685229       sink
  365    0.9            source
  366    0.86751        
  367    0.86751        
  368    0.823964       
  369    0.9            source
  370    0.729          
  371    0.851127       
  372    0.86251        
  373    0.85674        
  374    0.86251        
  375    0.82287        
  376    0.86251        
  377    0.851128       
  378    0.86251        
  379    0.85674        
  380    0.86251        
  381    0.9            source
  382    0.9            source
  383    0.9            source
  384    0.9            source
  385    0.9            source
  386    0.9            source
  387    0.835417       
  388    0.835642       
  389    0.86751        
  390    0.86751        
  391    0.9            source
  392    0.9            source
  393    0.9            source
  394    0.9            source
  395    0.9            source
  396    0.9            source
  397    0.9            source
  398    0.9            source
  399    0.9            source
  400    0.9            source
  401    0.9            source
  402    0.9            source
  403    0.9            source
  404    0.9            source
  405    0.9            source
  406    0.9            source
  407    0.9            source
  408    0.9            source
  409    0.9            source
  410    0.9            source
  411    0.9            source
  412    0.9            source
  413    0.9            source
  414    0.9            source
  415    0.86751        
  416    0.86751        
  417    0.86751        
  418    0.86751        
  419    0.86751        
  420    0.86751        
  421    0.86751        
  422    0.86751        
  423    0.86751        
  424    0.86751        
  425    0.86751        
  426    0.86751        
  427    0.694632       
  428    0.676782       
  429    0.69466        
  430    0.9            source
  431    0.9            source
  432    0.9            source
  433    0.9            source
  434    0.9            source
  435    0.9            source
  436    0.9            source
  437    0.9            source
  438    0.9            source
  439    0.9            source
  440    0.9            source
  441    0.9            source
  442    0.9            source
  443    0.9            source
  444    0.9            source
  445    0.9            source
  446    0.9            source
  447    0.9            source
  448    0.9            source
  449    0.835904       
  450    0.835908       
  451    0.9            source
  452    0.9            source
  453    0.9            source
  454    0.9            source
  455    0.9            source
  456    0.9            source
  457    0.9            source
  458    0.853268       
  459    0.854415       
  460    0.691147       sink
  461    0.861622       
  462    0.692076       sink
  463    0.861622       
  464    0.861622       
  465    0.85442        
  466    0.85442        
  467    0.9            source
  468    0.86751        
  469    0.9            source
  470    0.860695       
  471    0.85331        
  472    0.851132       
  473    0.692083       
  474    0.852239       
  475    0.852884       sink
  476    0.853249       sink
  477    0.691181       sink
  478    0.860695       
  479    0.861622       
  480    0.861604       
  481    0.689417       sink
  482    0.560587       sink
  483    0.690313       sink
  484    0.856819       
  485    0.861622       
  486    0.856819       
  487    0.851495       
  488    0.861622       
  489    0.860695       
  490    0.85102        
  491    0.851495       
  492    0.861604       
  493    0.853549       
  494    0.854423       
  495    0.853549       
  496    0.854425       
  497    0.86251        
  498    0.86751        
  499    0.850889       
  500    0.85674        
  501    0.841193       
  502    0.86751        
  503    0.860551       
  504    0.844602       
  505    0.667817       
  506    0.8534         
  507    0.693129       sink
  508    0.565388       sink
  509    0.689785       sink
  510    0.855715       
  511    0.69801        
  512    0.861604       
  513    0.684127       sink
  514    0.540932       sink
  515    0.8487         
  516    0.824465       
  517    0.8487         
  518    0.830536       
  519    0.69801        
  520    0.830536       
  521    0.691254       sink
  522    0.86751        
  523    0.9            source
  524    0.823964       
  525    0.86751        
  526    0.729          
  527    0.9            source
  528    0.851586       
  529    0.851546       
  530    0.853667       
  531    0.852416       
  532    0.860059       sink
  533    0.86039        
  534    0.852592       
  535    0.854395       
  536    0.690457       
  537    0.690457       
  538    0.694632       sink
  539    0.69147        sink
  540    0.852945       sink
  541    0.853667       
  542    0.690457       sink
  543    0.860491       sink
  544    0.86039        
  545    0.857571       
  546    0.55927        sink
  547    0.55927        sink
  548    0.689408       sink
  549    0.55927        sink
  550    0.55927        sink
  551    0.851121       
  552    0.689785       sink
  553    0.694632       sink
  554    0.694632       sink
  555    0.694632       sink
  556    0.690599       sink
  557    0.694632       sink
  558    0.689752       sink
  559    0.689752       sink
  560    0.689752       sink
  561    0.696916       sink
  562    0.690457       sink
  563    0.9            source
  564    0.850386       
  565    0.846283       
  566    0.854602       
  567    0.848468       
  568    0.859874       sink
  569    0.853715       
  570    0.85367        
  571    0.851985       
  572    0.687259       
  573    0.687259       
  574    0.676782       sink
  575    0.692228       sink
  576    0.851868       sink
  577    0.854602       
  578    0.687259       sink
  579    0.860121       sink
  580    0.853715       
  581    0.835534       
  582    0.55668        sink
  583    0.55668        sink
  584    0.687508       sink
  585    0.55668        sink
  586    0.55668        sink
  587    0.848776       
  588    0.688813       sink
  589    0.676782       sink
  590    0.676782       sink
  591    0.676782       sink
  592    0.691473       sink
  593    0.676782       sink
  594    0.685489       sink
  595    0.685489       sink
  596    0.685489       sink
  597    0.691509       sink
  598    0.687259       sink
  599    0.9            source
  600    0.68984        sink
  601    0.861622       
  602    0.848667       
  603    0.825386       
  604    0.830536       
  605    0.668563       sink
  606    0.729          
  607    0.851654       
  608    0.853433       
  609    0.855471       
  610    0.852756       
  611    0.86007        sink
  612    0.860695       
  613    0.854438       
  614    0.85442        
  615    0.690733       
  616    0.690733       
  617    0.69466        sink
  618    0.692932       sink
  619    0.85333        sink
  620    0.855471       
  621    0.690733       sink
  622    0.860495       sink
  623    0.860695       
  624    0.857605       
  625    0.559493       sink
  626    0.559493       sink
  627    0.689739       sink
  628    0.559493       sink
  629    0.559493       sink
  630    0.85153        
  631    0.68984        sink
  632    0.69466        sink
  633    0.69466        sink
  634    0.69466        sink
  635    0.692095       sink
  636    0.69466        sink
  637    0.69128        sink
  638    0.69128        sink
  639    0.69128        sink
  640    0.697163       sink
  641    0.690733       sink
  642    0.9            source
  643    0.69147        
  644    0.692228       
  645    0.692932       
  646    0.892731       
  647    0.892731       
  648    0.86174        
  649    0.892731       
  650    0.892731       
  651    0.86174        
  652    0.892731       
  653    0.892731       
  654    0.86174        
  655    0.892731       
  656    0.892731       
  657    0.86174        
  658    0.86174        
  659    0.86174        
  660    0.892731       
  661    0.892731       
  662    0.86174        
  663    0.892731       
  664    0.892731       
  665    0.86174        
  666    0.86174        
  667    0.86174        
  668    0.86174        
  669    0.86174        
  670    0.866391       
  671    0.866391       
  672    0.861622       
  673    0.866391       
  674    0.866391       
  675    0.861622       
  676    0.865408       
  677    0.865408       
  678    0.855715       
  679    0.865408       
  680    0.865408       
  681    0.855715       
  682    0.855715       
  683    0.855715       
  684    0.861622       
  685    0.861622       
  686    0.861622       
  687    0.861622       
  688    0.855715       
  689    0.86174        
  690    0.86174        
  691    0.86174        
  692    0.86174        
  693    0.86174        
  694    0.86174        
  695    0.86174        
  696    0.86174        
  697    0.86174        
  698    0.86174        
  699    0.86174        
  700    0.86174        
  701    0.9            source
  702    0.9            source
  703    0.9            source
  704    0.9            source
  705    0.9            source
  706    0.9            source
  707    0.9            source
  708    0.9            source
  709    0.9            source
  710    0.9            source
  711    0.9            source
  712    0.9            source
  713    0.9            source
  714    0.9            source
  715    0.9            source
  716    0.9            source
  717    0.9            source
  718    0.9            source
  719    0.9            source
  720    0.9            source
  721    0.86751        
  722    0.86751        
  723    0.86751        
  724    0.86751        
  725    0.86751        
  726    0.86751        
  727    0.861414       
  728    0.861414       
  729    0.85674        
  730    0.861414       
  731    0.861414       
  732    0.85674        
  733    0.893827       
  734    0.893827       
  735    0.86751        
  736    0.893827       
  737    0.893827       
  738    0.86751        
  739    0.855715       
  740    0.830536       
  741    0.830536       
  742    0.855715       
  743    0.86751        
  744    0.729          
  745    0.86751        
  746    0.86751        
  747    0.729          
  748    0.86751        
  749    0.86751        
  750    0.729          
  751    0.9            source
  752    0.9            source
  753    0.9            source
  754    0.9            source
  755    0.9            source
  756    0.9            source
  757    0.9            source
  758    0.9            source
  759    0.9            source
  760    0.9            source
  761    0.9            source
  762    0.9            source
  763    0.9            source
  764    0.9            source
  765    0.9            source
  766    0.86251        
  767    0.9            source
  768    0.729          
  769    0.9            source
  770    0.9            source
  771    0.9            source
  772    0.893827       
  773    0.893827       
  774    0.86751        
  775    0.893827       
  776    0.893827       
  777    0.86751        
  778    0.865408       
  779    0.865408       
  780    0.855715       
  781    0.865408       
  782    0.865408       
  783    0.855715       
  784    0.9            source
  785    0.9            source
  786    0.9            source
  787    0.9            source
  788    0.9            source
  789    0.9            source
  790    0.86751        
  791    0.86751        
  792    0.86751        
  793    0.86751        
  794    0.86751        
  795    0.86751        
  796    0.86251        
  797    0.86251        
  798    0.86251        
  799    0.86251        
  800    0.86251        
  801    0.86251        
  802    0.9            source
  803    0.9            source
  804    0.9            source
  805    0.9            source
  806    0.9            source
  807    0.9            source
  808    0.893827       
  809    0.893827       
  810    0.86751        
  811    0.893827       
  812    0.893827       
  813    0.86751        
  814    0.86751        
  815    0.86751        
  816    0.86751        
  817    0.729          
  818    0.86751        
  819    0.86751        
  820    0.9            source
  821    0.9            source
  822    0.9            source
  823    0.9            source
  824    0.9            source
  825    0.9            source
  826    0.9            source
  827    0.9            source
  828    0.9            source
  829    0.855454       
  830    0.855454       
  831    0.853736       
  832    0.855454       
  833    0.855454       
  834    0.853736       
  835    0.855471       
  836    0.855471       
  837    0.855471       
  838    0.855471       
  839    0.854785       
  840    0.9            source
  841    0.86751        
  842    0.9            source
  843    0.821344       
  844    0.833628       
  845    0.830453       
  846    0.847319       sink
  847    0.665289       sink
  848    0.861622       
  849    0.855715       
  850    0.675239       sink
  851    0.672667       sink
  852    0.69801        
  853    0.861622       
  854    0.861622       
  855    0.822056       
  856    0.693129       
  857    0.824402       
  858    0.85442        
  859    0.853299       
  860    0.729          
  861    0.702683       
  862    0.79356        
  863    0.739622       
  864    0.729          
  865    0.59049        
  866    0.860695       
  867    0.848706       
  868    0.845962       
  869    0.697914       sink
  870    0.688813       sink
  871    0.861622       
  872    0.855715       
  873    0.687452       sink
  874    0.822267       
  875    0.853144       
  876    0.69801        
  877    0.861622       
  878    0.685229       sink
  879    0.9            source
  880    0.86751        
  881    0.86751        
  882    0.823964       
  883    0.9            source
  884    0.729          
  885    0.851127       
  886    0.86251        
  887    0.85674        
  888    0.86251        
  889    0.82287        
  890    0.86251        
  891    0.851128       
  892    0.86251        
  893    0.85674        
  894    0.86251        
  895    0.9            source
  896    0.9            source
  897    0.9            source
  898    0.9            source
  899    0.9            source
  900    0.9            source
  901    0.835417       
  902    0.835642       
  903    0.86751        
  904    0.86751        
  905    0.9            source
  906    0.9            source
  907    0.9            source
  908    0.9            source
  909    0.9            source
  910    0.9            source
  911    0.9            source
  912    0.9            source
  913    0.9            source
  914    0.9            source
  915    0.9            source
  916    0.9            source
  917    0.9            source
  918    0.9            source
  919    0.9            source
  920    0.9            source
  921    0.9            source
  922    0.9            source
  923    0.9            source
  924    0.9            source
  925    0.9            source
  926    0.9            source
  927    0.9            source
  928    0.9            source
  929    0.86751        
  930    0.86751        
  931    0.86751        
  932    0.86751        
  933    0.86751        
  934    0.86751        
  935    0.86751        
  936    0.86751        
  937    0.86751        
  938    0.86751        
  939    0.86751        
  940    0.86751        
  941    0.694632       
  942    0.676782       
  943    0.69466        
  944    0.9            source
  945    0.9            source
  946    0.9            source
  947    0.9            source
  948    0.9            source
  949    0.9            source
  950    0.9            source
  951    0.9            source
  952    0.9            source
  953    0.9            source
  954    0.9            source
  955    0.9            source
  956    0.9            source
  957    0.9            source
  958    0.9            source
  959    0.9            source
  960    0.9            source
  961    0.9            source
  962    0.9            source
  963    0.835904       
  964    0.835908       
  965    0.9            source
  966    0.9            source
  967    0.9            source
  968    0.9            source
  969    0.9            source
  970    0.9            source
  971    0.9            source
  972    0.853268       
  973    0.854415       
  974    0.691147       sink
  975    0.861622       
  976    0.692076       sink
  977    0.861622       
  978    0.861622       
  979    0.85442        
  980    0.85442        
  981    0.9            source
  982    0.86751        
  983    0.9            source
  984    0.860695       
  985    0.85331        
  986    0.851132       
  987    0.692083       
  988    0.852239       
  989    0.852884       sink
  990    0.853249       sink
  991    0.691181       sink
  992    0.860695       
  993    0.861622       
  994    0.861604       
  995    0.689417       sink
  996    0.560587       sink
  997    0.690313       sink
  998    0.856819       
  999    0.861622       
  1000   0.856819       
  1001   0.851495       
  1002   0.861622       
  1003   0.860695       
  1004   0.85102        
  1005   0.851495       
  1006   0.861604       
  1007   0.853549       
  1008   0.854423       
  1009   0.853549       
  1010   0.854425       
  1011   0.86251        
  1012   0.86751        
  1013   0.850889       
  1014   0.85674        
  1015   0.841193       
  1016   0.86751        
  1017   0.860551       
  1018   0.844602       
  1019   0.667817       
  1020   0.8534         
  1021   0.693129       sink
  1022   0.565388       sink
  1023   0.689785       sink
  1024   0.855715       
  1025   0.69801        
  1026   0.861604       
  1027   0.684127       sink
  1028   0.540932       sink
  1029   0.8487         
  1030   0.824465       
  1031   0.8487         
  1032   0.830536       
  1033   0.69801        
  1034   0.830536       
  1035   0.691254       sink
  1036   0.86751        
  1037   0.9            source
  1038   0.823964       
  1039   0.86751        
  1040   0.729          
  1041   0.9            source

Sink reachability:
  Node 2: b(v) = 0.892731
  Node 3: b(v) = 0.892731
  Node 4: b(v) = 0.892731
  Node 18: b(v) = 0.860059
  Node 24: b(v) = 0.694632
  Node 25: b(v) = 0.69147
  Node 26: b(v) = 0.852945
  Node 28: b(v) = 0.690457
  Node 29: b(v) = 0.860491
  Node 32: b(v) = 0.55927
  Node 33: b(v) = 0.55927
  Node 34: b(v) = 0.689408
  Node 35: b(v) = 0.55927
  Node 36: b(v) = 0.55927
  Node 38: b(v) = 0.689785
  Node 39: b(v) = 0.694632
  Node 40: b(v) = 0.694632
  Node 41: b(v) = 0.694632
  Node 42: b(v) = 0.690599
  Node 43: b(v) = 0.694632
  Node 44: b(v) = 0.689752
  Node 45: b(v) = 0.689752
  Node 46: b(v) = 0.689752
  Node 47: b(v) = 0.696916
  Node 48: b(v) = 0.690457
  Node 54: b(v) = 0.859874
  Node 60: b(v) = 0.676782
  Node 61: b(v) = 0.692228
  Node 62: b(v) = 0.851868
  Node 64: b(v) = 0.687259
  Node 65: b(v) = 0.860121
  Node 68: b(v) = 0.55668
  Node 69: b(v) = 0.55668
  Node 70: b(v) = 0.687508
  Node 71: b(v) = 0.55668
  Node 72: b(v) = 0.55668
  Node 74: b(v) = 0.688813
  Node 75: b(v) = 0.676782
  Node 76: b(v) = 0.676782
  Node 77: b(v) = 0.676782
  Node 78: b(v) = 0.691473
  Node 79: b(v) = 0.676782
  Node 80: b(v) = 0.685489
  Node 81: b(v) = 0.685489
  Node 82: b(v) = 0.685489
  Node 83: b(v) = 0.691509
  Node 84: b(v) = 0.687259
  Node 86: b(v) = 0.68984
  Node 91: b(v) = 0.668563
  Node 97: b(v) = 0.86007
  Node 103: b(v) = 0.69466
  Node 104: b(v) = 0.692932
  Node 105: b(v) = 0.85333
  Node 107: b(v) = 0.690733
  Node 108: b(v) = 0.860495
  Node 111: b(v) = 0.559493
  Node 112: b(v) = 0.559493
  Node 113: b(v) = 0.689739
  Node 114: b(v) = 0.559493
  Node 115: b(v) = 0.559493
  Node 117: b(v) = 0.68984
  Node 118: b(v) = 0.69466
  Node 119: b(v) = 0.69466
  Node 120: b(v) = 0.69466
  Node 121: b(v) = 0.692095
  Node 122: b(v) = 0.69466
  Node 123: b(v) = 0.69128
  Node 124: b(v) = 0.69128
  Node 125: b(v) = 0.69128
  Node 126: b(v) = 0.697163
  Node 127: b(v) = 0.690733
  Node 332: b(v) = 0.847319
  Node 333: b(v) = 0.665289
  Node 336: b(v) = 0.675239
  Node 337: b(v) = 0.672667
  Node 355: b(v) = 0.697914
  Node 356: b(v) = 0.688813
  Node 359: b(v) = 0.687452
  Node 364: b(v) = 0.685229
  Node 460: b(v) = 0.691147
  Node 462: b(v) = 0.692076
  Node 475: b(v) = 0.852884
  Node 476: b(v) = 0.853249
  Node 477: b(v) = 0.691181
  Node 481: b(v) = 0.689417
  Node 482: b(v) = 0.560587
  Node 483: b(v) = 0.690313
  Node 507: b(v) = 0.693129
  Node 508: b(v) = 0.565388
  Node 509: b(v) = 0.689785
  Node 513: b(v) = 0.684127
  Node 514: b(v) = 0.540932
  Node 521: b(v) = 0.691254
  Node 532: b(v) = 0.860059
  Node 538: b(v) = 0.694632
  Node 539: b(v) = 0.69147
  Node 540: b(v) = 0.852945
  Node 542: b(v) = 0.690457
  Node 543: b(v) = 0.860491
  Node 546: b(v) = 0.55927
  Node 547: b(v) = 0.55927
  Node 548: b(v) = 0.689408
  Node 549: b(v) = 0.55927
  Node 550: b(v) = 0.55927
  Node 552: b(v) = 0.689785
  Node 553: b(v) = 0.694632
  Node 554: b(v) = 0.694632
  Node 555: b(v) = 0.694632
  Node 556: b(v) = 0.690599
  Node 557: b(v) = 0.694632
  Node 558: b(v) = 0.689752
  Node 559: b(v) = 0.689752
  Node 560: b(v) = 0.689752
  Node 561: b(v) = 0.696916
  Node 562: b(v) = 0.690457
  Node 568: b(v) = 0.859874
  Node 574: b(v) = 0.676782
  Node 575: b(v) = 0.692228
  Node 576: b(v) = 0.851868
  Node 578: b(v) = 0.687259
  Node 579: b(v) = 0.860121
  Node 582: b(v) = 0.55668
  Node 583: b(v) = 0.55668
  Node 584: b(v) = 0.687508
  Node 585: b(v) = 0.55668
  Node 586: b(v) = 0.55668
  Node 588: b(v) = 0.688813
  Node 589: b(v) = 0.676782
  Node 590: b(v) = 0.676782
  Node 591: b(v) = 0.676782
  Node 592: b(v) = 0.691473
  Node 593: b(v) = 0.676782
  Node 594: b(v) = 0.685489
  Node 595: b(v) = 0.685489
  Node 596: b(v) = 0.685489
  Node 597: b(v) = 0.691509
  Node 598: b(v) = 0.687259
  Node 600: b(v) = 0.68984
  Node 605: b(v) = 0.668563
  Node 611: b(v) = 0.86007
  Node 617: b(v) = 0.69466
  Node 618: b(v) = 0.692932
  Node 619: b(v) = 0.85333
  Node 621: b(v) = 0.690733
  Node 622: b(v) = 0.860495
  Node 625: b(v) = 0.559493
  Node 626: b(v) = 0.559493
  Node 627: b(v) = 0.689739
  Node 628: b(v) = 0.559493
  Node 629: b(v) = 0.559493
  Node 631: b(v) = 0.68984
  Node 632: b(v) = 0.69466
  Node 633: b(v) = 0.69466
  Node 634: b(v) = 0.69466
  Node 635: b(v) = 0.692095
  Node 636: b(v) = 0.69466
  Node 637: b(v) = 0.69128
  Node 638: b(v) = 0.69128
  Node 639: b(v) = 0.69128
  Node 640: b(v) = 0.697163
  Node 641: b(v) = 0.690733
  Node 846: b(v) = 0.847319
  Node 847: b(v) = 0.665289
  Node 850: b(v) = 0.675239
  Node 851: b(v) = 0.672667
  Node 869: b(v) = 0.697914
  Node 870: b(v) = 0.688813
  Node 873: b(v) = 0.687452
  Node 878: b(v) = 0.685229
  Node 974: b(v) = 0.691147
  Node 976: b(v) = 0.692076
  Node 989: b(v) = 0.852884
  Node 990: b(v) = 0.853249
  Node 991: b(v) = 0.691181
  Node 995: b(v) = 0.689417
  Node 996: b(v) = 0.560587
  Node 997: b(v) = 0.690313
  Node 1021: b(v) = 0.693129
  Node 1022: b(v) = 0.565388
  Node 1023: b(v) = 0.689785
  Node 1027: b(v) = 0.684127
  Node 1028: b(v) = 0.540932
  Node 1035: b(v) = 0.691254

======================================================================
Network: metro_directed_dag_for_ipm
======================================================================
Load time         : 9.96 ms
Structure time    : 3.93 ms
Decomposition time: 0.084 s
Propagation time  : 0.057 s
Total time        : 0.141 s

Source node priors:
  Node 18: R(v) = 0.9

Node beliefs b(v):
  Node   b(v)           Type
  ------------------------------------
  1      0.025032       sink
  2      0.030903       
  3      0.038152       
  4      0.047101       
  5      0.05815        
  6      0.07179        
  7      0.088629       
  8      0.109419       
  9      0.135085       
  10     0.166772       
  11     0.205891       
  12     0.254187       
  13     0.313811       
  14     0.38742        
  15     0.478297       
  16     0.59049        
  17     0.729          
  18     0.9            source
  19     0.729          
  20     0.59049        
  21     0.478297       
  22     0.38742        
  23     0.313811       
  24     0.323071       
  25     0.261688       
  26     0.211967       
  27     0.171693       
  28     0.139072       
  29     0.112648       
  30     0.091245       
  31     0.073908       
  32     0.059866       
  33     0.048491       
  34     0.039278       
  35     0.031815       
  36     0.047101       sink
  37     0.05815        
  38     0.07179        
  39     0.088629       
  40     0.109419       
  41     0.135085       
  42     0.166772       
  43     0.205891       
  44     0.254187       
  45     0.166772       
  46     0.135085       
  47     0.109419       
  48     0.088629       
  49     0.07179        
  50     0.05815        sink
  51     0.205891       
  52     0.166772       
  53     0.135085       
  54     0.109419       
  55     0.088629       
  56     0.07179        sink
  57     0.166772       
  58     0.135085       
  59     0.109419       
  60     0.088629       
  61     0.07179        
  62     0.05815        
  63     0.047101       sink
  64     0.06286        sink
  65     0.077605       
  66     0.095808       
  67     0.118282       
  68     0.146027       
  69     0.18028        
  70     0.222568       
  71     0.274776       
  72     0.339229       
  73     0.517039       
  74     0.63832        
  75     0.788049       
  76     0.729          
  77     0.59049        
  78     0.478297       
  79     0.38742        
  80     0.313811       
  81     0.254187       
  82     0.205891       
  83     0.166772       
  84     0.135085       
  85     0.109419       
  86     0.088629       
  87     0.07179        
  88     0.05815        
  89     0.047101       
  90     0.038152       
  91     0.030903       sink
  92     0.18028        
  93     0.256759       sink
  94     0.166772       
  95     0.205891       
  96     0.254187       
  97     0.313811       
  98     0.339229       
  99     0.274776       
  100    0.222568       
  101    0.2853         sink
  102    0.166772       
  103    0.205891       
  104    0.274776       
  105    0.320535       sink
  106    0.166772       
  107    0.205891       
  108    0.254187       
  109    0.261688       
  110    0.211967       
  111    0.171693       
  112    0.259586       sink
  113    0.18028        
  114    0.050916       sink
  115    0.06286        
  116    0.077605       
  117    0.095808       
  118    0.118282       
  119    0.146027       
  120    0.18028        
  121    0.146027       sink
  122    0.077605       
  123    0.06286        
  124    0.050916       
  125    0.041242       
  126    0.033406       sink
  127    0.118282       
  128    0.095808       sink
  129    0.008728       sink
  130    0.010775       
  131    0.013303       
  132    0.016423       
  133    0.020276       
  134    0.025032       
  135    0.030903       
  136    0.038152       
  137    0.047101       
  138    0.05815        
  139    0.07179        
  140    0.088629       
  141    0.109419       
  142    0.135085       
  143    0.166772       
  144    0.205891       
  145    0.418802       
  146    0.038152       sink
  147    0.047101       
  148    0.05815        
  149    0.07179        
  150    0.088629       
  151    0.109419       
  152    0.031815       sink
  153    0.02577        
  154    0.020874       
  155    0.016908       sink
  156    0.05815        sink
  157    0.07179        
  158    0.088629       
  159    0.047101       
  160    0.038152       
  161    0.030903       sink
  162    0.222568       
  163    0.385784       sink
  164    0.476277       
  165    0.485353       
  166    0.314373       
  167    0.388115       
  168    0.479154       
  169    0.417903       
  170    0.395228       
  171    0.444652       sink
  172    0.254187       
  173    0.313305       sink
  174    0.254187       
  175    0.077605       sink
  176    0.095808       
  177    0.118282       
  178    0.146027       
  179    0.219854       sink
  180    0.222568       
  181    0.339229       
  182    0.413579       sink
  183    0.478297       
  184    0.478297       
  185    0.38742        
  186    0.46952        sink
  187    0.313811       
  188    0.38742        
  189    0.478297       
  190    0.478297       
  191    0.38742        
  192    0.482133       sink
  193    0.315563       sink
  194    0.031815       sink
  195    0.039278       
  196    0.048491       
  197    0.059866       
  198    0.073908       
  199    0.091245       
  200    0.112648       
  201    0.139072       
  202    0.342299       
  203    0.312485       
  204    0.385784       
  205    0.456676       sink
  206    0.338363       sink
  207    0.205891       
  208    0.277356       sink
  209    0.478297       
  210    0.38742        
  211    0.313811       
  212    0.254187       
  213    0.308052       sink
  214    0.20338        sink
  215    0.135085       
  216    0.109419       
  217    0.088629       
  218    0.109243       sink
  219    0.07179        
  220    0.05815        
  221    0.047101       
  222    0.038152       
  223    0.030903       
  224    0.025032       sink
  225    0.07179        
  226    0.106602       sink
  227    0.07179        
  228    0.088629       
  229    0.109419       
  230    0.135085       
  231    0.166772       
  232    0.205891       
  233    0.254187       
  234    0.52003        sink
  235    0.478297       
  236    0.59049        
  237    0.729          
  238    0.729          sink
  239    0.409549       sink
  240    0.313811       
  241    0.341192       sink
  242    0.205891       
  243    0.205891       
  244    0.166772       
  245    0.135085       
  246    0.109419       
  247    0.088629       sink
  248    0.205891       
  249    0.030903       sink
  250    0.038152       
  251    0.047101       
  252    0.05815        
  253    0.07179        
  254    0.088629       
  255    0.109419       
  256    0.135085       
  257    0.135085       
  258    0.265346       sink
  259    0.222568       
  260    0.369573       sink
  261    0.36911        sink
  262    0.256345       
  263    0.254187       
  264    0.313811       
  265    0.254187       
  266    0.205891       
  267    0.166772       
  268    0.216691       sink
  269    0.135085       
  270    0.135085       
  271    0.109419       
  272    0.088629       
  273    0.07179        
  274    0.05815        
  275    0.047101       
  276    0.038152       
  277    0.030903       
  278    0.025032       sink
  279    0.109419       sink
  280    0.109419       sink
  281    0.135085       
  282    0.166772       
  283    0.205891       
  284    0.254187       
  285    0.313811       
  286    0.313811       
  287    0.46952        sink
  288    0.38742        
  289    0.478297       
  290    0.38742        
  291    0.313811       
  292    0.235834       sink
  293    0.166772       
  294    0.290206       sink
  295    0.261688       sink
  296    0.205891       
  297    0.384974       sink
  298    0.339229       
  299    0.171693       
  300    0.139072       
  301    0.19784        sink
  302    0.313811       
  303    0.306639       sink
  304    0.323632       sink
  305    0.428173       sink
  306    0.254187       

Sink reachability:
  Node 1: b(v) = 0.025032
  Node 36: b(v) = 0.047101
  Node 50: b(v) = 0.05815
  Node 56: b(v) = 0.07179
  Node 63: b(v) = 0.047101
  Node 64: b(v) = 0.06286
  Node 91: b(v) = 0.030903
  Node 93: b(v) = 0.256759
  Node 101: b(v) = 0.2853
  Node 105: b(v) = 0.320535
  Node 112: b(v) = 0.259586
  Node 114: b(v) = 0.050916
  Node 121: b(v) = 0.146027
  Node 126: b(v) = 0.033406
  Node 128: b(v) = 0.095808
  Node 129: b(v) = 0.008728
  Node 146: b(v) = 0.038152
  Node 152: b(v) = 0.031815
  Node 155: b(v) = 0.016908
  Node 156: b(v) = 0.05815
  Node 161: b(v) = 0.030903
  Node 163: b(v) = 0.385784
  Node 171: b(v) = 0.444652
  Node 173: b(v) = 0.313305
  Node 175: b(v) = 0.077605
  Node 179: b(v) = 0.219854
  Node 182: b(v) = 0.413579
  Node 186: b(v) = 0.46952
  Node 192: b(v) = 0.482133
  Node 193: b(v) = 0.315563
  Node 194: b(v) = 0.031815
  Node 205: b(v) = 0.456676
  Node 206: b(v) = 0.338363
  Node 208: b(v) = 0.277356
  Node 213: b(v) = 0.308052
  Node 214: b(v) = 0.20338
  Node 218: b(v) = 0.109243
  Node 224: b(v) = 0.025032
  Node 226: b(v) = 0.106602
  Node 234: b(v) = 0.52003
  Node 238: b(v) = 0.729
  Node 239: b(v) = 0.409549
  Node 241: b(v) = 0.341192
  Node 247: b(v) = 0.088629
  Node 249: b(v) = 0.030903
  Node 258: b(v) = 0.265346
  Node 260: b(v) = 0.369573
  Node 261: b(v) = 0.36911
  Node 268: b(v) = 0.216691
  Node 278: b(v) = 0.025032
  Node 279: b(v) = 0.109419
  Node 280: b(v) = 0.109419
  Node 287: b(v) = 0.46952
  Node 292: b(v) = 0.235834
  Node 294: b(v) = 0.290206
  Node 295: b(v) = 0.261688
  Node 297: b(v) = 0.384974
  Node 301: b(v) = 0.19784
  Node 303: b(v) = 0.306639
  Node 304: b(v) = 0.323632
  Node 305: b(v) = 0.428173

======================================================================
Network: pareto-point-1-high-resilience-fw
======================================================================
Load time         : 13.09 ms
Structure time    : 1.04 ms
Decomposition time: 0.993 s
Propagation time  : 32.359 s
Total time        : 33.352 s

Source node priors:
  Node 1: R(v) = 1.0
  Node 6: R(v) = 1.0
  Node 10: R(v) = 1.0
  Node 15: R(v) = 1.0
  Node 18: R(v) = 1.0
  Node 20: R(v) = 1.0
  Node 22: R(v) = 1.0
  Node 28: R(v) = 1.0
  Node 59: R(v) = 1.0
  Node 61: R(v) = 1.0
  Node 63: R(v) = 1.0
  Node 68: R(v) = 1.0
  Node 76: R(v) = 1.0
  Node 79: R(v) = 1.0
  Node 85: R(v) = 1.0
  Node 87: R(v) = 1.0
  Node 135: R(v) = 1.0
  Node 148: R(v) = 1.0
  Node 161: R(v) = 1.0
  Node 229: R(v) = 1.0
  Node 233: R(v) = 1.0
  Node 245: R(v) = 1.0
  Node 268: R(v) = 1.0

Node beliefs b(v):
  Node   b(v)           Type
  ------------------------------------
  1      1.0            source
  2      0.89           
  6      1.0            source
  10     1.0            source
  15     1.0            source
  16     0.89           
  18     1.0            source
  20     1.0            source
  21     0.905          
  22     1.0            source
  23     0.889806       
  28     1.0            source
  29     0.889965       
  30     0.889891       
  31     0.889958       
  32     0.889971       
  33     0.889973       
  34     0.904973       
  44     0.699795       
  47     0.830158       
  53     0.673128       
  59     1.0            source
  61     1.0            source
  62     0.89           
  63     1.0            source
  64     0.89           
  65     0.89           
  68     1.0            source
  69     0.89           
  76     1.0            source
  77     0.874999       
  79     1.0            source
  80     0.89           
  81     0.89           
  82     0.89           
  83     0.841808       
  85     1.0            source
  86     0.888975       
  87     1.0            source
  90     0.731387       sink
  91     0.843407       sink
  93     0.858632       sink
  94     0.764224       sink
  96     0.886374       sink
  97     0.752187       sink
  98     0.83901        sink
  100    0.718875       sink
  102    0.847778       sink
  103    0.835606       sink
  104    0.858327       sink
  109    0.846522       sink
  112    0.861538       sink
  113    0.847502       sink
  122    0.847636       sink
  125    0.847486       sink
  128    0.843191       sink
  131    0.856737       sink
  134    0.857562       sink
  135    1.0            source
  136    0.892088       sink
  137    0.853684       sink
  138    0.848872       sink
  139    0.842367       sink
  140    0.849505       sink
  141    0.84159        sink
  145    0.848129       sink
  146    0.887984       sink
  147    0.848818       sink
  148    1.0            source
  150    0.848697       sink
  152    0.844004       sink
  156    0.909625       sink
  157    0.845051       sink
  158    0.844102       sink
  159    0.863318       sink
  161    1.0            source
  162    0.907607       sink
  163    0.892635       sink
  165    0.84911        sink
  166    0.892575       sink
  167    0.846237       sink
  171    0.863338       sink
  172    0.887786       sink
  173    0.91735        sink
  175    0.887558       sink
  178    0.887762       sink
  192    0.862713       sink
  193    0.713861       sink
  195    0.751055       sink
  198    0.763458       sink
  199    0.867723       sink
  200    0.86402        sink
  201    0.867311       sink
  202    0.881616       sink
  203    0.569855       sink
  204    0.902204       sink
  205    0.761649       sink
  207    0.575134       sink
  208    0.792623       sink
  209    0.687357       sink
  210    0.881262       sink
  211    0.831527       sink
  212    0.886974       sink
  214    0.71919        sink
  215    0.815426       sink
  216    0.75608        sink
  217    0.862545       sink
  219    0.847449       sink
  220    0.861424       sink
  226    0.847232       sink
  227    0.873054       sink
  228    0.848131       sink
  229    1.0            source
  232    0.844918       sink
  233    1.0            source
  234    0.849048       sink
  236    0.752376       sink
  240    0.750767       sink
  241    0.892572       sink
  243    0.86282        sink
  244    0.848931       sink
  245    1.0            source
  246    0.892541       sink
  247    0.848434       sink
  250    0.861639       sink
  251    0.838487       sink
  256    0.88566        sink
  262    0.887884       sink
  263    0.849656       sink
  265    0.849865       sink
  267    0.755773       sink
  268    1.0            source
  269    0.835149       sink
  270    0.736719       sink
  271    0.837586       sink
  272    0.892479       sink
  273    0.8925         sink
  274    0.778738       sink
  276    0.754579       sink
  283    0.729012       sink
  284    0.907295       sink
  286    0.793643       sink
  287    0.849854       sink
  288    0.889098       sink
  289    0.888695       sink

Sink reachability:
  Node 90: b(v) = 0.731387
  Node 91: b(v) = 0.843407
  Node 93: b(v) = 0.858632
  Node 94: b(v) = 0.764224
  Node 96: b(v) = 0.886374
  Node 97: b(v) = 0.752187
  Node 98: b(v) = 0.83901
  Node 100: b(v) = 0.718875
  Node 102: b(v) = 0.847778
  Node 103: b(v) = 0.835606
  Node 104: b(v) = 0.858327
  Node 109: b(v) = 0.846522
  Node 112: b(v) = 0.861538
  Node 113: b(v) = 0.847502
  Node 122: b(v) = 0.847636
  Node 125: b(v) = 0.847486
  Node 128: b(v) = 0.843191
  Node 131: b(v) = 0.856737
  Node 134: b(v) = 0.857562
  Node 136: b(v) = 0.892088
  Node 137: b(v) = 0.853684
  Node 138: b(v) = 0.848872
  Node 139: b(v) = 0.842367
  Node 140: b(v) = 0.849505
  Node 141: b(v) = 0.84159
  Node 145: b(v) = 0.848129
  Node 146: b(v) = 0.887984
  Node 147: b(v) = 0.848818
  Node 150: b(v) = 0.848697
  Node 152: b(v) = 0.844004
  Node 156: b(v) = 0.909625
  Node 157: b(v) = 0.845051
  Node 158: b(v) = 0.844102
  Node 159: b(v) = 0.863318
  Node 162: b(v) = 0.907607
  Node 163: b(v) = 0.892635
  Node 165: b(v) = 0.84911
  Node 166: b(v) = 0.892575
  Node 167: b(v) = 0.846237
  Node 171: b(v) = 0.863338
  Node 172: b(v) = 0.887786
  Node 173: b(v) = 0.91735
  Node 175: b(v) = 0.887558
  Node 178: b(v) = 0.887762
  Node 192: b(v) = 0.862713
  Node 193: b(v) = 0.713861
  Node 195: b(v) = 0.751055
  Node 198: b(v) = 0.763458
  Node 199: b(v) = 0.867723
  Node 200: b(v) = 0.86402
  Node 201: b(v) = 0.867311
  Node 202: b(v) = 0.881616
  Node 203: b(v) = 0.569855
  Node 204: b(v) = 0.902204
  Node 205: b(v) = 0.761649
  Node 207: b(v) = 0.575134
  Node 208: b(v) = 0.792623
  Node 209: b(v) = 0.687357
  Node 210: b(v) = 0.881262
  Node 211: b(v) = 0.831527
  Node 212: b(v) = 0.886974
  Node 214: b(v) = 0.71919
  Node 215: b(v) = 0.815426
  Node 216: b(v) = 0.75608
  Node 217: b(v) = 0.862545
  Node 219: b(v) = 0.847449
  Node 220: b(v) = 0.861424
  Node 226: b(v) = 0.847232
  Node 227: b(v) = 0.873054
  Node 228: b(v) = 0.848131
  Node 232: b(v) = 0.844918
  Node 234: b(v) = 0.849048
  Node 236: b(v) = 0.752376
  Node 240: b(v) = 0.750767
  Node 241: b(v) = 0.892572
  Node 243: b(v) = 0.86282
  Node 244: b(v) = 0.848931
  Node 246: b(v) = 0.892541
  Node 247: b(v) = 0.848434
  Node 250: b(v) = 0.861639
  Node 251: b(v) = 0.838487
  Node 256: b(v) = 0.88566
  Node 262: b(v) = 0.887884
  Node 263: b(v) = 0.849656
  Node 265: b(v) = 0.849865
  Node 267: b(v) = 0.755773
  Node 269: b(v) = 0.835149
  Node 270: b(v) = 0.736719
  Node 271: b(v) = 0.837586
  Node 272: b(v) = 0.892479
  Node 273: b(v) = 0.8925
  Node 274: b(v) = 0.778738
  Node 276: b(v) = 0.754579
  Node 283: b(v) = 0.729012
  Node 284: b(v) = 0.907295
  Node 286: b(v) = 0.793643
  Node 287: b(v) = 0.849854
  Node 288: b(v) = 0.889098
  Node 289: b(v) = 0.888695

======================================================================
Network: pareto-point-2-high-resilience-vtol
======================================================================
Load time         : 13.62 ms
Structure time    : 0.83 ms
Decomposition time: 0.036 s
Propagation time  : 0.071 s
Total time        : 0.108 s

Source node priors:
  Node 1: R(v) = 1.0
  Node 6: R(v) = 1.0
  Node 10: R(v) = 1.0
  Node 22: R(v) = 1.0
  Node 28: R(v) = 1.0
  Node 29: R(v) = 1.0
  Node 30: R(v) = 1.0
  Node 33: R(v) = 1.0
  Node 41: R(v) = 1.0
  Node 44: R(v) = 1.0
  Node 53: R(v) = 1.0
  Node 79: R(v) = 1.0

Node beliefs b(v):
  Node   b(v)           Type
  ------------------------------------
  1      1.0            source
  6      1.0            source
  10     1.0            source
  15     0.851908       
  18     0.739152       
  20     0.926032       
  22     1.0            source
  28     1.0            source
  29     1.0            source
  30     1.0            source
  33     1.0            source
  41     1.0            source
  44     1.0            source
  47     0.768139       
  53     1.0            source
  59     0.945611       
  61     0.932958       
  64     0.843533       
  65     0.842288       sink
  69     0.838966       sink
  76     0.909103       
  77     0.874435       
  79     1.0            source
  80     0.840131       sink
  81     0.841562       
  82     0.843134       
  83     0.758438       
  85     0.948796       
  86     0.854355       
  87     0.928596       
  91     0.843407       sink
  93     0.858632       sink
  96     0.839573       sink
  98     0.83901        sink
  99     0.831733       sink
  102    0.847778       sink
  103    0.835606       sink
  104    0.858327       sink
  105    0.849583       sink
  106    0.828173       sink
  107    0.849304       sink
  108    0.842776       sink
  109    0.846522       sink
  112    0.861538       sink
  113    0.847502       sink
  116    0.838782       sink
  119    0.83455        sink
  122    0.847636       sink
  123    0.847258       sink
  125    0.847486       sink
  127    0.84678        sink
  128    0.718321       sink
  129    0.814045       sink
  131    0.729861       sink
  132    0.788606       sink
  134    0.888548       sink
  135    0.949705       
  136    0.876926       sink
  137    0.879366       sink
  138    0.627445       sink
  139    0.622637       sink
  140    0.627913       sink
  141    0.622063       sink
  145    0.888598       sink
  146    0.88305        sink
  147    0.89389        sink
  148    0.949994       
  150    0.885658       sink
  152    0.798099       sink
  153    0.818803       sink
  154    0.88401        sink
  155    0.8058         sink
  156    0.897991       sink
  157    0.888762       sink
  158    0.801896       sink
  159    0.820146       sink
  160    0.885101       sink
  161    0.949996       
  162    0.908844       sink
  163    0.893859       sink
  164    0.805596       sink
  165    0.88566        sink
  166    0.893902       sink
  167    0.888515       sink
  168    0.805219       sink
  170    0.805533       sink
  171    0.908825       sink
  172    0.801407       sink
  173    0.877014       sink
  174    0.862225       sink
  175    0.848725       sink
  177    0.831033       sink
  178    0.849677       sink
  190    0.86227        sink
  191    0.834151       sink
  192    0.862713       sink
  196    0.809612       sink
  200    0.874544       sink
  201    0.680654       sink
  202    0.88735        sink
  203    0.903839       sink
  204    0.895764       sink
  205    0.834295       sink
  206    0.817376       sink
  207    0.887525       sink
  208    0.829859       sink
  209    0.88573        sink
  210    0.877874       sink
  211    0.893225       sink
  212    0.880522       sink
  215    0.893155       sink
  217    0.815632       sink
  219    0.863847       sink
  220    0.900021       sink
  221    0.816057       sink
  225    0.814351       sink
  226    0.885183       sink
  227    0.914601       sink
  228    0.885257       sink
  229    0.95           
  231    0.885197       sink
  232    0.884884       sink
  233    0.95           
  234    0.806596       sink
  236    0.80475        sink
  240    0.892816       sink
  241    0.884686       sink
  242    0.89368        sink
  243    0.899378       sink
  244    0.792017       sink
  245    0.949781       
  246    0.88462        sink
  247    0.893686       sink
  250    0.899376       sink
  251    0.864384       sink
  255    0.888715       sink
  256    0.874483       sink
  257    0.628289       sink
  258    0.865919       sink
  261    0.77171        sink
  262    0.863657       sink
  263    0.772425       sink
  265    0.772615       sink
  266    0.771456       sink
  267    0.86366        sink
  268    0.949903       
  269    0.875047       sink
  270    0.879908       sink
  271    0.77778        sink
  272    0.883003       sink
  273    0.883021       sink
  274    0.748411       sink
  275    0.715495       sink
  276    0.725194       sink
  277    0.715719       sink
  280    0.724043       sink
  281    0.893063       sink
  282    0.775351       sink
  283    0.728542       sink
  284    0.907576       sink
  285    0.771727       sink
  286    0.814564       sink
  287    0.772605       sink
  288    0.849649       sink
  289    0.882159       sink

Sink reachability:
  Node 65: b(v) = 0.842288
  Node 69: b(v) = 0.838966
  Node 80: b(v) = 0.840131
  Node 91: b(v) = 0.843407
  Node 93: b(v) = 0.858632
  Node 96: b(v) = 0.839573
  Node 98: b(v) = 0.83901
  Node 99: b(v) = 0.831733
  Node 102: b(v) = 0.847778
  Node 103: b(v) = 0.835606
  Node 104: b(v) = 0.858327
  Node 105: b(v) = 0.849583
  Node 106: b(v) = 0.828173
  Node 107: b(v) = 0.849304
  Node 108: b(v) = 0.842776
  Node 109: b(v) = 0.846522
  Node 112: b(v) = 0.861538
  Node 113: b(v) = 0.847502
  Node 116: b(v) = 0.838782
  Node 119: b(v) = 0.83455
  Node 122: b(v) = 0.847636
  Node 123: b(v) = 0.847258
  Node 125: b(v) = 0.847486
  Node 127: b(v) = 0.84678
  Node 128: b(v) = 0.718321
  Node 129: b(v) = 0.814045
  Node 131: b(v) = 0.729861
  Node 132: b(v) = 0.788606
  Node 134: b(v) = 0.888548
  Node 136: b(v) = 0.876926
  Node 137: b(v) = 0.879366
  Node 138: b(v) = 0.627445
  Node 139: b(v) = 0.622637
  Node 140: b(v) = 0.627913
  Node 141: b(v) = 0.622063
  Node 145: b(v) = 0.888598
  Node 146: b(v) = 0.88305
  Node 147: b(v) = 0.89389
  Node 150: b(v) = 0.885658
  Node 152: b(v) = 0.798099
  Node 153: b(v) = 0.818803
  Node 154: b(v) = 0.88401
  Node 155: b(v) = 0.8058
  Node 156: b(v) = 0.897991
  Node 157: b(v) = 0.888762
  Node 158: b(v) = 0.801896
  Node 159: b(v) = 0.820146
  Node 160: b(v) = 0.885101
  Node 162: b(v) = 0.908844
  Node 163: b(v) = 0.893859
  Node 164: b(v) = 0.805596
  Node 165: b(v) = 0.88566
  Node 166: b(v) = 0.893902
  Node 167: b(v) = 0.888515
  Node 168: b(v) = 0.805219
  Node 170: b(v) = 0.805533
  Node 171: b(v) = 0.908825
  Node 172: b(v) = 0.801407
  Node 173: b(v) = 0.877014
  Node 174: b(v) = 0.862225
  Node 175: b(v) = 0.848725
  Node 177: b(v) = 0.831033
  Node 178: b(v) = 0.849677
  Node 190: b(v) = 0.86227
  Node 191: b(v) = 0.834151
  Node 192: b(v) = 0.862713
  Node 196: b(v) = 0.809612
  Node 200: b(v) = 0.874544
  Node 201: b(v) = 0.680654
  Node 202: b(v) = 0.88735
  Node 203: b(v) = 0.903839
  Node 204: b(v) = 0.895764
  Node 205: b(v) = 0.834295
  Node 206: b(v) = 0.817376
  Node 207: b(v) = 0.887525
  Node 208: b(v) = 0.829859
  Node 209: b(v) = 0.88573
  Node 210: b(v) = 0.877874
  Node 211: b(v) = 0.893225
  Node 212: b(v) = 0.880522
  Node 215: b(v) = 0.893155
  Node 217: b(v) = 0.815632
  Node 219: b(v) = 0.863847
  Node 220: b(v) = 0.900021
  Node 221: b(v) = 0.816057
  Node 225: b(v) = 0.814351
  Node 226: b(v) = 0.885183
  Node 227: b(v) = 0.914601
  Node 228: b(v) = 0.885257
  Node 231: b(v) = 0.885197
  Node 232: b(v) = 0.884884
  Node 234: b(v) = 0.806596
  Node 236: b(v) = 0.80475
  Node 240: b(v) = 0.892816
  Node 241: b(v) = 0.884686
  Node 242: b(v) = 0.89368
  Node 243: b(v) = 0.899378
  Node 244: b(v) = 0.792017
  Node 246: b(v) = 0.88462
  Node 247: b(v) = 0.893686
  Node 250: b(v) = 0.899376
  Node 251: b(v) = 0.864384
  Node 255: b(v) = 0.888715
  Node 256: b(v) = 0.874483
  Node 257: b(v) = 0.628289
  Node 258: b(v) = 0.865919
  Node 261: b(v) = 0.77171
  Node 262: b(v) = 0.863657
  Node 263: b(v) = 0.772425
  Node 265: b(v) = 0.772615
  Node 266: b(v) = 0.771456
  Node 267: b(v) = 0.86366
  Node 269: b(v) = 0.875047
  Node 270: b(v) = 0.879908
  Node 271: b(v) = 0.77778
  Node 272: b(v) = 0.883003
  Node 273: b(v) = 0.883021
  Node 274: b(v) = 0.748411
  Node 275: b(v) = 0.715495
  Node 276: b(v) = 0.725194
  Node 277: b(v) = 0.715719
  Node 280: b(v) = 0.724043
  Node 281: b(v) = 0.893063
  Node 282: b(v) = 0.775351
  Node 283: b(v) = 0.728542
  Node 284: b(v) = 0.907576
  Node 285: b(v) = 0.771727
  Node 286: b(v) = 0.814564
  Node 287: b(v) = 0.772605
  Node 288: b(v) = 0.849649
  Node 289: b(v) = 0.882159

======================================================================
Network: pareto-point-3-medium-resilience-sparse
======================================================================
Load time         : 16.26 ms
Structure time    : 0.74 ms
Decomposition time: 0.095 s
Propagation time  : 8.23 s
Total time        : 8.325 s

Source node priors:
  Node 1: R(v) = 1.0
  Node 6: R(v) = 1.0
  Node 10: R(v) = 1.0
  Node 15: R(v) = 1.0
  Node 18: R(v) = 1.0
  Node 20: R(v) = 1.0
  Node 22: R(v) = 1.0
  Node 28: R(v) = 1.0
  Node 59: R(v) = 1.0
  Node 61: R(v) = 1.0
  Node 63: R(v) = 1.0
  Node 68: R(v) = 1.0
  Node 76: R(v) = 1.0
  Node 79: R(v) = 1.0
  Node 85: R(v) = 1.0
  Node 87: R(v) = 1.0
  Node 135: R(v) = 1.0
  Node 148: R(v) = 1.0
  Node 161: R(v) = 1.0
  Node 229: R(v) = 1.0
  Node 233: R(v) = 1.0
  Node 245: R(v) = 1.0
  Node 268: R(v) = 1.0

Node beliefs b(v):
  Node   b(v)           Type
  ------------------------------------
  1      1.0            source
  2      0.835845       
  6      1.0            source
  10     1.0            source
  15     1.0            source
  16     0.889337       
  18     1.0            source
  20     1.0            source
  21     0.905          
  22     1.0            source
  23     0.889742       
  28     1.0            source
  29     0.889953       
  30     0.889852       
  31     0.889939       
  32     0.889956       
  33     0.889958       
  34     0.904958       
  59     1.0            source
  61     1.0            source
  62     0.89           
  63     1.0            source
  64     0.89           
  65     0.889999       
  68     1.0            source
  69     0.89           
  76     1.0            source
  79     1.0            source
  80     0.89           
  81     0.89           
  82     0.89           
  85     1.0            source
  87     1.0            source
  90     0.731374       sink
  91     0.843407       sink
  93     0.858632       sink
  96     0.709736       sink
  97     0.706418       sink
  102    0.847778       sink
  109    0.846522       sink
  113    0.847502       sink
  122    0.847636       sink
  128    0.843191       sink
  134    0.857562       sink
  135    1.0            source
  136    0.849521       sink
  137    0.853684       sink
  138    0.848872       sink
  140    0.849505       sink
  145    0.848129       sink
  146    0.767405       sink
  148    1.0            source
  156    0.861051       sink
  159    0.863318       sink
  161    1.0            source
  162    0.907607       sink
  163    0.892635       sink
  165    0.84911        sink
  167    0.846237       sink
  172    0.76675        sink
  173    0.777478       sink
  175    0.848725       sink
  178    0.887759       sink
  195    0.751039       sink
  198    0.763445       sink
  199    0.867708       sink
  200    0.720146       sink
  201    0.86738        sink
  202    0.767298       sink
  204    0.902203       sink
  205    0.761639       sink
  212    0.846712       sink
  214    0.719178       sink
  216    0.756068       sink
  217    0.862545       sink
  219    0.847449       sink
  226    0.847232       sink
  228    0.848131       sink
  229    1.0            source
  233    1.0            source
  234    0.849048       sink
  236    0.752376       sink
  240    0.750767       sink
  241    0.849354       sink
  243    0.86282        sink
  244    0.848931       sink
  245    1.0            source
  246    0.847583       sink
  265    0.849865       sink
  267    0.75521        sink
  268    1.0            source
  272    0.892479       sink
  273    0.848047       sink
  284    0.862846       sink
  286    0.793052       sink
  287    0.849854       sink
  288    0.889097       sink
  289    0.868328       sink

Sink reachability:
  Node 90: b(v) = 0.731374
  Node 91: b(v) = 0.843407
  Node 93: b(v) = 0.858632
  Node 96: b(v) = 0.709736
  Node 97: b(v) = 0.706418
  Node 102: b(v) = 0.847778
  Node 109: b(v) = 0.846522
  Node 113: b(v) = 0.847502
  Node 122: b(v) = 0.847636
  Node 128: b(v) = 0.843191
  Node 134: b(v) = 0.857562
  Node 136: b(v) = 0.849521
  Node 137: b(v) = 0.853684
  Node 138: b(v) = 0.848872
  Node 140: b(v) = 0.849505
  Node 145: b(v) = 0.848129
  Node 146: b(v) = 0.767405
  Node 156: b(v) = 0.861051
  Node 159: b(v) = 0.863318
  Node 162: b(v) = 0.907607
  Node 163: b(v) = 0.892635
  Node 165: b(v) = 0.84911
  Node 167: b(v) = 0.846237
  Node 172: b(v) = 0.76675
  Node 173: b(v) = 0.777478
  Node 175: b(v) = 0.848725
  Node 178: b(v) = 0.887759
  Node 195: b(v) = 0.751039
  Node 198: b(v) = 0.763445
  Node 199: b(v) = 0.867708
  Node 200: b(v) = 0.720146
  Node 201: b(v) = 0.86738
  Node 202: b(v) = 0.767298
  Node 204: b(v) = 0.902203
  Node 205: b(v) = 0.761639
  Node 212: b(v) = 0.846712
  Node 214: b(v) = 0.719178
  Node 216: b(v) = 0.756068
  Node 217: b(v) = 0.862545
  Node 219: b(v) = 0.847449
  Node 226: b(v) = 0.847232
  Node 228: b(v) = 0.848131
  Node 234: b(v) = 0.849048
  Node 236: b(v) = 0.752376
  Node 240: b(v) = 0.750767
  Node 241: b(v) = 0.849354
  Node 243: b(v) = 0.86282
  Node 244: b(v) = 0.848931
  Node 246: b(v) = 0.847583
  Node 265: b(v) = 0.849865
  Node 267: b(v) = 0.75521
  Node 272: b(v) = 0.892479
  Node 273: b(v) = 0.848047
  Node 284: b(v) = 0.862846
  Node 286: b(v) = 0.793052
  Node 287: b(v) = 0.849854
  Node 288: b(v) = 0.889097
  Node 289: b(v) = 0.868328

======================================================================
Network: pareto-point-4-low-resilience-minimal
======================================================================
Load time         : 8.38 ms
Structure time    : 0.03 ms
Decomposition time: 0.0 s
Propagation time  : 0.0 s
Total time        : 0.0 s

Source node priors:
  Node 1: R(v) = 1.0
  Node 6: R(v) = 1.0
  Node 10: R(v) = 1.0
  Node 15: R(v) = 1.0
  Node 18: R(v) = 1.0
  Node 20: R(v) = 1.0
  Node 22: R(v) = 1.0
  Node 28: R(v) = 1.0

Node beliefs b(v):
  Node   b(v)           Type
  ------------------------------------
  1      1.0            source
  6      1.0            source
  10     1.0            source
  15     1.0            source
  18     1.0            source
  20     1.0            source
  22     1.0            source
  28     1.0            source
  59     0.886152       
  61     0.884394       
  87     0.873154       
  91     0.843407       sink
  93     0.858632       sink
  102    0.847778       sink
  109    0.846522       sink
  113    0.847502       sink
  122    0.847636       sink
  128    0.843191       sink
  134    0.857562       sink
  138    0.848872       sink
  140    0.849505       sink
  162    0.862551       sink
  163    0.848132       sink
  175    0.848725       sink
  178    0.849677       sink
  204    0.862668       sink
  212    0.846712       sink
  217    0.764346       sink
  219    0.750969       sink
  226    0.671012       sink
  228    0.671724       sink
  233    0.792005       
  244    0.750789       sink
  246    0.749598       sink
  272    0.739285       sink
  273    0.740476       sink

Sink reachability:
  Node 91: b(v) = 0.843407
  Node 93: b(v) = 0.858632
  Node 102: b(v) = 0.847778
  Node 109: b(v) = 0.846522
  Node 113: b(v) = 0.847502
  Node 122: b(v) = 0.847636
  Node 128: b(v) = 0.843191
  Node 134: b(v) = 0.857562
  Node 138: b(v) = 0.848872
  Node 140: b(v) = 0.849505
  Node 162: b(v) = 0.862551
  Node 163: b(v) = 0.848132
  Node 175: b(v) = 0.848725
  Node 178: b(v) = 0.849677
  Node 204: b(v) = 0.862668
  Node 212: b(v) = 0.846712
  Node 217: b(v) = 0.764346
  Node 219: b(v) = 0.750969
  Node 226: b(v) = 0.671012
  Node 228: b(v) = 0.671724
  Node 244: b(v) = 0.750789
  Node 246: b(v) = 0.749598
  Node 272: b(v) = 0.739285
  Node 273: b(v) = 0.740476

======================================================================
Network: pareto-point-5-medium-resilience-fw
======================================================================
Load time         : 3.65 ms
Structure time    : 0.28 ms
Decomposition time: 0.088 s
Propagation time  : 7.645 s
Total time        : 7.733 s

Source node priors:
  Node 1: R(v) = 1.0
  Node 6: R(v) = 1.0
  Node 10: R(v) = 1.0
  Node 15: R(v) = 1.0
  Node 18: R(v) = 1.0
  Node 20: R(v) = 1.0
  Node 22: R(v) = 1.0
  Node 28: R(v) = 1.0
  Node 59: R(v) = 1.0
  Node 61: R(v) = 1.0
  Node 63: R(v) = 1.0
  Node 68: R(v) = 1.0
  Node 76: R(v) = 1.0
  Node 79: R(v) = 1.0
  Node 85: R(v) = 1.0
  Node 87: R(v) = 1.0
  Node 135: R(v) = 1.0
  Node 148: R(v) = 1.0
  Node 161: R(v) = 1.0
  Node 229: R(v) = 1.0
  Node 233: R(v) = 1.0
  Node 245: R(v) = 1.0
  Node 268: R(v) = 1.0

Node beliefs b(v):
  Node   b(v)           Type
  ------------------------------------
  1      1.0            source
  2      0.835845       
  6      1.0            source
  10     1.0            source
  15     1.0            source
  16     0.889337       
  18     1.0            source
  20     1.0            source
  21     0.905          
  22     1.0            source
  23     0.889742       
  28     1.0            source
  29     0.889953       
  30     0.889852       
  31     0.889939       
  32     0.889956       
  33     0.889958       
  34     0.904958       
  59     1.0            source
  61     1.0            source
  62     0.89           
  63     1.0            source
  64     0.89           
  65     0.889999       
  68     1.0            source
  69     0.89           
  76     1.0            source
  79     1.0            source
  80     0.89           
  81     0.89           
  82     0.89           
  85     1.0            source
  87     1.0            source
  90     0.731374       sink
  93     0.858632       sink
  94     0.717722       sink
  96     0.709736       sink
  97     0.706418       sink
  100    0.718863       sink
  102    0.847778       sink
  122    0.847636       sink
  134    0.857562       sink
  135    1.0            source
  136    0.849521       sink
  140    0.849505       sink
  145    0.848129       sink
  146    0.767405       sink
  148    1.0            source
  156    0.77827        sink
  161    1.0            source
  162    0.907607       sink
  165    0.84911        sink
  172    0.76675        sink
  173    0.777478       sink
  175    0.751006       sink
  178    0.887759       sink
  193    0.713845       sink
  195    0.751039       sink
  198    0.763445       sink
  199    0.867708       sink
  200    0.864101       sink
  201    0.86738        sink
  202    0.881687       sink
  204    0.902203       sink
  205    0.761639       sink
  208    0.74871        sink
  212    0.746229       sink
  214    0.719178       sink
  216    0.756068       sink
  217    0.862545       sink
  228    0.848131       sink
  229    1.0            source
  233    1.0            source
  234    0.849048       sink
  236    0.752376       sink
  240    0.750767       sink
  241    0.849354       sink
  244    0.848931       sink
  245    1.0            source
  256    0.750474       sink
  262    0.755056       sink
  265    0.849865       sink
  267    0.75521        sink
  268    1.0            source
  273    0.848047       sink
  284    0.862846       sink
  286    0.793052       sink
  288    0.889097       sink
  289    0.868328       sink

Sink reachability:
  Node 90: b(v) = 0.731374
  Node 93: b(v) = 0.858632
  Node 94: b(v) = 0.717722
  Node 96: b(v) = 0.709736
  Node 97: b(v) = 0.706418
  Node 100: b(v) = 0.718863
  Node 102: b(v) = 0.847778
  Node 122: b(v) = 0.847636
  Node 134: b(v) = 0.857562
  Node 136: b(v) = 0.849521
  Node 140: b(v) = 0.849505
  Node 145: b(v) = 0.848129
  Node 146: b(v) = 0.767405
  Node 156: b(v) = 0.77827
  Node 162: b(v) = 0.907607
  Node 165: b(v) = 0.84911
  Node 172: b(v) = 0.76675
  Node 173: b(v) = 0.777478
  Node 175: b(v) = 0.751006
  Node 178: b(v) = 0.887759
  Node 193: b(v) = 0.713845
  Node 195: b(v) = 0.751039
  Node 198: b(v) = 0.763445
  Node 199: b(v) = 0.867708
  Node 200: b(v) = 0.864101
  Node 201: b(v) = 0.86738
  Node 202: b(v) = 0.881687
  Node 204: b(v) = 0.902203
  Node 205: b(v) = 0.761639
  Node 208: b(v) = 0.74871
  Node 212: b(v) = 0.746229
  Node 214: b(v) = 0.719178
  Node 216: b(v) = 0.756068
  Node 217: b(v) = 0.862545
  Node 228: b(v) = 0.848131
  Node 234: b(v) = 0.849048
  Node 236: b(v) = 0.752376
  Node 240: b(v) = 0.750767
  Node 241: b(v) = 0.849354
  Node 244: b(v) = 0.848931
  Node 256: b(v) = 0.750474
  Node 262: b(v) = 0.755056
  Node 265: b(v) = 0.849865
  Node 267: b(v) = 0.75521
  Node 273: b(v) = 0.848047
  Node 284: b(v) = 0.862846
  Node 286: b(v) = 0.793052
  Node 288: b(v) = 0.889097
  Node 289: b(v) = 0.868328

======================================================================
Network: pareto-point-6-balanced
======================================================================
Load time         : 7.67 ms
Structure time    : 0.24 ms
Decomposition time: 0.025 s
Propagation time  : 0.432 s
Total time        : 0.457 s

Source node priors:
  Node 1: R(v) = 1.0
  Node 2: R(v) = 1.0
  Node 6: R(v) = 1.0
  Node 10: R(v) = 1.0
  Node 22: R(v) = 1.0
  Node 28: R(v) = 1.0

Node beliefs b(v):
  Node   b(v)           Type
  ------------------------------------
  1      1.0            source
  2      1.0            source
  6      1.0            source
  10     1.0            source
  15     0.851908       
  16     0.840512       
  18     0.739152       
  20     0.926032       
  21     0.719406       
  22     1.0            source
  23     0.880617       
  28     1.0            source
  29     0.888151       
  30     0.889602       
  31     0.889928       
  32     0.888708       
  33     0.889991       
  34     0.904998       
  59     0.945611       
  61     0.932958       
  62     0.89           
  64     0.89           
  65     0.89           
  69     0.89           
  76     0.909103       
  77     0.874435       
  80     0.89           
  81     0.89           sink
  82     0.89           sink
  85     0.948796       
  87     0.928596       
  91     0.843407       sink
  93     0.858632       sink
  96     0.839573       sink
  102    0.847778       sink
  104    0.858327       sink
  109    0.846522       sink
  113    0.847502       sink
  122    0.847636       sink
  125    0.847486       sink
  128    0.718321       sink
  131    0.729861       sink
  134    0.730564       sink
  135    0.949705       
  136    0.806794       sink
  137    0.810747       sink
  138    0.627445       sink
  139    0.622637       sink
  140    0.627913       sink
  145    0.804701       sink
  146    0.802477       sink
  147    0.806372       sink
  148    0.949994       
  156    0.816962       sink
  157    0.802798       sink
  159    0.820146       sink
  161    0.949996       
  162    0.899107       sink
  163    0.884265       sink
  165    0.806649       sink
  166    0.785391       sink
  167    0.803925       sink
  171    0.820167       sink
  173    0.877014       sink
  175    0.848725       sink
  178    0.849677       sink
  204    0.862668       sink
  210    0.835908       sink
  212    0.846712       sink
  217    0.815632       sink
  219    0.801357       sink
  220    0.818353       sink
  226    0.80487        sink
  227    0.825569       sink
  228    0.805724       sink
  229    0.95           
  233    0.95           
  234    0.806596       sink
  241    0.8067         sink
  243    0.81949        sink
  244    0.792017       sink
  245    0.949781       
  246    0.88462        sink
  250    0.803873       sink
  251    0.796315       sink
  263    0.772425       sink
  265    0.772615       sink
  268    0.949903       
  270    0.736244       sink
  272    0.883003       sink
  273    0.883021       sink
  281    0.728113       sink
  283    0.728542       sink
  284    0.897554       sink
  287    0.772605       sink

Sink reachability:
  Node 81: b(v) = 0.89
  Node 82: b(v) = 0.89
  Node 91: b(v) = 0.843407
  Node 93: b(v) = 0.858632
  Node 96: b(v) = 0.839573
  Node 102: b(v) = 0.847778
  Node 104: b(v) = 0.858327
  Node 109: b(v) = 0.846522
  Node 113: b(v) = 0.847502
  Node 122: b(v) = 0.847636
  Node 125: b(v) = 0.847486
  Node 128: b(v) = 0.718321
  Node 131: b(v) = 0.729861
  Node 134: b(v) = 0.730564
  Node 136: b(v) = 0.806794
  Node 137: b(v) = 0.810747
  Node 138: b(v) = 0.627445
  Node 139: b(v) = 0.622637
  Node 140: b(v) = 0.627913
  Node 145: b(v) = 0.804701
  Node 146: b(v) = 0.802477
  Node 147: b(v) = 0.806372
  Node 156: b(v) = 0.816962
  Node 157: b(v) = 0.802798
  Node 159: b(v) = 0.820146
  Node 162: b(v) = 0.899107
  Node 163: b(v) = 0.884265
  Node 165: b(v) = 0.806649
  Node 166: b(v) = 0.785391
  Node 167: b(v) = 0.803925
  Node 171: b(v) = 0.820167
  Node 173: b(v) = 0.877014
  Node 175: b(v) = 0.848725
  Node 178: b(v) = 0.849677
  Node 204: b(v) = 0.862668
  Node 210: b(v) = 0.835908
  Node 212: b(v) = 0.846712
  Node 217: b(v) = 0.815632
  Node 219: b(v) = 0.801357
  Node 220: b(v) = 0.818353
  Node 226: b(v) = 0.80487
  Node 227: b(v) = 0.825569
  Node 228: b(v) = 0.805724
  Node 234: b(v) = 0.806596
  Node 241: b(v) = 0.8067
  Node 243: b(v) = 0.81949
  Node 244: b(v) = 0.792017
  Node 246: b(v) = 0.88462
  Node 250: b(v) = 0.803873
  Node 251: b(v) = 0.796315
  Node 263: b(v) = 0.772425
  Node 265: b(v) = 0.772615
  Node 270: b(v) = 0.736244
  Node 272: b(v) = 0.883003
  Node 273: b(v) = 0.883021
  Node 281: b(v) = 0.728113
  Node 283: b(v) = 0.728542
  Node 284: b(v) = 0.897554
  Node 287: b(v) = 0.772605


==============================================================================================================
MULTI-NETWORK COMPARISON TABLE
==============================================================================================================

Network                                |    V |    E |   S |  Sk | Fork | Join |   DJ |   UD |  D/DJ |  MaxD |  AvgD | Decomp(s) |  Prop(s)
--------------------------------------------------------------------------------------------------------------
munin-dag                              | 1041 | 1397 | 259 | 183 |  139 |  564 |  104 |  216 |  2.08 |     3 |   1.7 |    0.535 |    2.308
metro_directed_dag_for_ipm             |  306 |  350 |   1 |  61 |   60 |   45 |   45 |   99 |  2.20 |     5 |   2.5 |    0.084 |    0.057
pareto-point-1-high-resilience-fw      |  145 |  327 |  23 |  99 |   45 |   50 |   24 |  206 |  8.58 |    16 |   6.4 |    0.993 |   32.359
pareto-point-2-high-resilience-vtol    |  165 |  280 |  12 | 131 |   32 |   70 |   52 |  155 |  2.98 |     8 |   3.3 |    0.036 |    0.071
pareto-point-3-medium-resilience-sp... |   98 |  223 |  23 |  58 |   37 |   25 |   19 |  165 |  8.68 |    16 |   6.3 |    0.095 |    8.230
pareto-point-4-low-resilience-minimal  |   36 |   28 |   8 |  24 |   12 |    0 |    0 |    0 |  0.00 |     0 |   0.0 |    0.000 |    0.000
pareto-point-5-medium-resilience-fw    |   89 |  214 |  23 |  49 |   36 |   25 |   21 |  177 |  8.43 |    16 |   6.2 |    0.088 |    7.645
pareto-point-6-balanced                |   95 |  261 |   6 |  59 |   36 |   34 |   32 |  144 |  4.50 |    11 |   4.7 |    0.025 |    0.432

Columns: V=nodes, E=edges, S=sources, Sk=sinks, DJ=diamond-join nodes,
         UD=unique diamonds, D/DJ=unique diamonds per diamond-join,
         MaxD=max nesting depth, AvgD=avg nesting depth

======================================================================
CONDITIONING-SET SIZE |C| DISTRIBUTION
======================================================================
Network                                | Min|C| | Med|C| | Max|C|
----------------------------------------------------------------------
munin-dag                              |     1 |    2.0 |     8
metro_directed_dag_for_ipm             |     1 |    1.0 |     2
pareto-point-1-high-resilience-fw      |     1 |    1.0 |     1
pareto-point-2-high-resilience-vtol    |     1 |    1.0 |     2
pareto-point-3-medium-resilience-sp... |     1 |    1.0 |     1
pareto-point-4-low-resilience-minimal  |     0 |    0.0 |     0
pareto-point-5-medium-resilience-fw    |     1 |    1.0 |     1
pareto-point-6-balanced                |     1 |    1.0 |     2

Max |C| drives worst-case cost: O(2^|C|) per diamond join.
