\BOOKMARK [1][-]{section.0.1}{\376\377\000I\000n\000t\000r\000o\000d\000u\000c\000t\000i\000o\000n}{}% 1
\BOOKMARK [1][-]{section.0.2}{\376\377\000B\000a\000c\000k\000g\000r\000o\000u\000n\000d}{}% 2
\BOOKMARK [1][-]{section.0.3}{\376\377\000T\000h\000e\000\040\000F\000l\000o\000w\000\040\000M\000o\000d\000e\000l}{}% 3
\BOOKMARK [2][-]{subsection.0.3.1}{\376\377\000S\000e\000v\000e\000r\000a\000l\000\040\000s\000o\000u\000r\000c\000e\000s\000\040\000a\000n\000d\000\040\000s\000i\000n\000k\000s}{section.0.3}% 4
\BOOKMARK [2][-]{subsection.0.3.2}{\376\377\000N\000o\000d\000e\000\040\000c\000a\000p\000a\000c\000i\000t\000i\000e\000s\000\040\000b\000y\000\040\000n\000o\000d\000e\000\040\000s\000p\000l\000i\000t\000t\000i\000n\000g}{section.0.3}% 5
\BOOKMARK [1][-]{section.0.4}{\376\377\000M\000a\000x\000i\000m\000u\000m\000-\000F\000l\000o\000w\000\040\000S\000o\000l\000v\000e\000r\000s}{}% 6
\BOOKMARK [2][-]{subsection.0.4.1}{\376\377\000A\000u\000g\000m\000e\000n\000t\000i\000n\000g\000-\000p\000a\000t\000h\000\040\000s\000o\000l\000v\000e\000r\000s}{section.0.4}% 7
\BOOKMARK [2][-]{subsection.0.4.2}{\376\377\000P\000u\000s\000h\000-\000R\000e\000l\000a\000b\000e\000l\000\040\000S\000o\000l\000v\000e\000r}{section.0.4}% 8
\BOOKMARK [1][-]{section.0.5}{\376\377\000T\000h\000e\000\040\000Q\000u\000e\000s\000t\000i\000o\000n\000s\000\040\000t\000h\000e\000\040\000T\000o\000o\000l\000k\000i\000t\000\040\000A\000n\000s\000w\000e\000r\000s}{}% 9
\BOOKMARK [2][-]{subsection.0.5.1}{\376\377\000T\000h\000e\000\040\000b\000i\000n\000d\000i\000n\000g\000\040\000c\000u\000t\000\040\000a\000n\000d\000\040\000h\000o\000w\000\040\000m\000a\000n\000y\000\040\000e\000q\000u\000i\000v\000a\000l\000e\000n\000t\000\040\000c\000u\000t\000s\000\040\000t\000h\000e\000r\000e\000\040\000a\000r\000e}{section.0.5}% 10
\BOOKMARK [2][-]{subsection.0.5.2}{\376\377\000R\000e\000d\000u\000n\000d\000a\000n\000c\000y\000\040\000a\000n\000d\000\040\000s\000i\000n\000g\000l\000e\000\040\000p\000o\000i\000n\000t\000s\000\040\000o\000f\000\040\000f\000a\000i\000l\000u\000r\000e}{section.0.5}% 11
\BOOKMARK [2][-]{subsection.0.5.3}{\376\377\000W\000h\000i\000c\000h\000\040\000e\000d\000g\000e\000s\000\040\000l\000i\000m\000i\000t\000\040\000t\000h\000r\000o\000u\000g\000h\000p\000u\000t\000,\000\040\000a\000n\000d\000\040\000b\000y\000\040\000h\000o\000w\000\040\000m\000u\000c\000h}{section.0.5}% 12
\BOOKMARK [2][-]{subsection.0.5.4}{\376\377\000T\000h\000e\000\040\000m\000o\000s\000t\000\040\000d\000a\000m\000a\000g\000i\000n\000g\000\040\000f\000a\000i\000l\000u\000r\000e\000s\000\040\000a\000n\000d\000\040\000d\000e\000g\000r\000a\000d\000a\000t\000i\000o\000n\000s}{section.0.5}% 13
\BOOKMARK [2][-]{subsection.0.5.5}{\376\377\000D\000e\000g\000r\000a\000d\000a\000t\000i\000o\000n\000\040\000a\000n\000d\000\040\000u\000p\000g\000r\000a\000d\000e\000\040\000t\000h\000r\000e\000s\000h\000o\000l\000d\000s}{section.0.5}% 14
\BOOKMARK [1][-]{section.0.6}{\376\377\000C\000o\000s\000t}{}% 15
\BOOKMARK [1][-]{section.0.7}{\376\377\000V\000a\000l\000i\000d\000a\000t\000i\000o\000n}{}% 16
\BOOKMARK [1][-]{section.0.8}{\376\377\000C\000a\000s\000e\000\040\000S\000t\000u\000d\000i\000e\000s}{}% 17
\BOOKMARK [2][-]{subsection.0.8.1}{\376\377\000A\000\040\000w\000o\000r\000k\000e\000d\000\040\000e\000x\000a\000m\000p\000l\000e\000\040\000o\000n\000\040\000a\000\040\000s\000y\000n\000t\000h\000e\000t\000i\000c\000\040\000n\000e\000t\000w\000o\000r\000k}{section.0.8}% 18
\BOOKMARK [2][-]{subsection.0.8.2}{\376\377\000T\000h\000e\000\040\000I\000E\000E\000E\000\040\000R\000e\000l\000i\000a\000b\000i\000l\000i\000t\000y\000\040\000T\000e\000s\000t\000\040\000S\000y\000s\000t\000e\000m}{section.0.8}% 19
\BOOKMARK [2][-]{subsection.0.8.3}{\376\377\000S\000c\000a\000l\000e}{section.0.8}% 20
\BOOKMARK [1][-]{section.0.9}{\376\377\000D\000i\000s\000c\000u\000s\000s\000i\000o\000n}{}% 21
\BOOKMARK [1][-]{section.0.10}{\376\377\000S\000u\000m\000m\000a\000r\000y}{}% 22
