\BOOKMARK [1][-]{section.0.1}{\376\377\000I\000n\000t\000r\000o\000d\000u\000c\000t\000i\000o\000n}{}% 1
\BOOKMARK [1][-]{section.0.2}{\376\377\000M\000a\000t\000h\000e\000m\000a\000t\000i\000c\000a\000l\000\040\000M\000o\000d\000e\000l\000\040\000a\000n\000d\000\040\000N\000e\000t\000w\000o\000r\000k\000\040\000F\000l\000o\000w\000\040\000S\000e\000m\000a\000n\000t\000i\000c\000s}{}% 2
\BOOKMARK [1][-]{section.0.3}{\376\377\000A\000v\000a\000i\000l\000a\000b\000l\000e\000\040\000M\000o\000d\000u\000l\000e\000s}{}% 3
\BOOKMARK [1][-]{section.0.4}{\376\377\000B\000a\000s\000e\000\040\000F\000l\000o\000w\000\040\000M\000o\000d\000u\000l\000e}{}% 4
\BOOKMARK [2][-]{subsection.0.4.1}{\376\377\000M\000a\000x\000-\000F\000l\000o\000w\000\040\000M\000i\000n\000-\000C\000u\000t\000\040\000S\000o\000l\000v\000e\000r\000s}{section.0.4}% 5
\BOOKMARK [2][-]{subsection.0.4.2}{\376\377\000P\000u\000s\000h\000-\000R\000e\000l\000a\000b\000e\000l\000\040\000S\000o\000l\000v\000e\000r}{section.0.4}% 6
\BOOKMARK [1][-]{section.0.5}{\376\377\000N\000e\000t\000w\000o\000r\000k\000\040\000F\000l\000o\000w\000\040\000D\000i\000a\000g\000n\000o\000s\000t\000i\000c\000s}{}% 7
\BOOKMARK [2][-]{subsection.0.5.1}{\376\377\000M\000i\000n\000-\000C\000u\000t\000\040\000U\000t\000i\000l\000i\000t\000y\000\040\000M\000o\000d\000u\000l\000e}{section.0.5}% 8
\BOOKMARK [2][-]{subsection.0.5.2}{\376\377\000S\000t\000r\000u\000c\000t\000u\000r\000e\000\040\000U\000t\000i\000l\000i\000t\000y\000\040\000M\000o\000d\000u\000l\000e}{section.0.5}% 9
\BOOKMARK [2][-]{subsection.0.5.3}{\376\377\000F\000l\000o\000w\000\040\000S\000e\000n\000s\000i\000t\000i\000v\000i\000t\000y\000\040\000M\000o\000d\000u\000l\000e}{section.0.5}% 10
\BOOKMARK [2][-]{subsection.0.5.4}{\376\377\000F\000a\000i\000l\000u\000r\000e\000\040\000I\000m\000p\000a\000c\000t\000\040\000M\000o\000d\000u\000l\000e}{section.0.5}% 11
\BOOKMARK [2][-]{subsection.0.5.5}{\376\377\000P\000a\000r\000a\000m\000e\000t\000r\000i\000c\000\040\000T\000h\000r\000e\000s\000h\000o\000l\000d\000\040\000M\000o\000d\000u\000l\000e}{section.0.5}% 12
\BOOKMARK [1][-]{section.0.6}{\376\377\000E\000x\000a\000c\000t\000n\000e\000s\000s\000,\000\040\000V\000a\000l\000i\000d\000a\000t\000i\000o\000n\000,\000\040\000a\000n\000d\000\040\000S\000c\000o\000p\000e}{}% 13
\BOOKMARK [2][-]{subsection.0.6.1}{\376\377\000P\000o\000s\000t\000-\000s\000o\000l\000v\000e\000\040\000v\000a\000l\000i\000d\000a\000t\000i\000o\000n}{section.0.6}% 14
\BOOKMARK [2][-]{subsection.0.6.2}{\376\377\000S\000c\000o\000p\000e\000\040\000o\000f\000\040\000r\000e\000s\000u\000l\000t\000s}{section.0.6}% 15
\BOOKMARK [2][-]{subsection.0.6.3}{\376\377\000C\000o\000m\000p\000u\000t\000a\000t\000i\000o\000n\000a\000l\000\040\000C\000o\000m\000p\000l\000e\000x\000i\000t\000y}{section.0.6}% 16
\BOOKMARK [1][-]{section.0.7}{\376\377\000N\000e\000t\000w\000o\000r\000k\000\040\000F\000l\000o\000w\000\040\000O\000u\000t\000p\000u\000t\000\040\000S\000t\000r\000u\000c\000t\000u\000r\000e}{}% 17
\BOOKMARK [1][-]{section.0.8}{\376\377\000C\000a\000s\000e\000\040\000S\000t\000u\000d\000y\000:\000\040\000S\000y\000n\000t\000h\000e\000t\000i\000c\000\040\000B\000e\000n\000c\000h\000m\000a\000r\000k\000\040\000N\000e\000t\000w\000o\000r\000k}{}% 18
\BOOKMARK [2][-]{subsection.0.8.1}{\376\377\000B\000e\000n\000c\000h\000m\000a\000r\000k\000\040\000N\000e\000t\000w\000o\000r\000k\000\040\000D\000e\000s\000i\000g\000n}{section.0.8}% 19
\BOOKMARK [2][-]{subsection.0.8.2}{\376\377\000R\000e\000s\000u\000l\000t\000s}{section.0.8}% 20
