This is pdfTeX, Version 3.141592653-2.6-1.40.24 (MiKTeX 22.3) (preloaded format=pdflatex.fmt)
 restricted \write18 enabled.
entering extended mode
(pbox_talk.tex
LaTeX2e <2021-11-15> patch level 1
L3 programming layer <2022-04-20>
(C:\Users\ohian\AppData\Local\Programs\MiKTeX\tex/latex/beamer\beamer.cls
Document Class: beamer 2025/06/15 v3.74 A class for typesetting presentations

(C:\Users\ohian\AppData\Local\Programs\MiKTeX\tex/latex/beamer\beamerbasemodes.
sty
(C:\Users\ohian\AppData\Local\Programs\MiKTeX\tex/latex/etoolbox\etoolbox.sty)
(C:\Users\ohian\AppData\Local\Programs\MiKTeX\tex/latex/beamer\beamerbasedecode
.sty))
(C:\Users\ohian\AppData\Local\Programs\MiKTeX\tex/generic/iftex\iftex.sty)
(C:\Users\ohian\AppData\Local\Programs\MiKTeX\tex/latex/beamer\beamerbaseoption
s.sty
(C:\Users\ohian\AppData\Local\Programs\MiKTeX\tex/latex/graphics\keyval.sty))
(C:\Users\ohian\AppData\Local\Programs\MiKTeX\tex/latex/geometry\geometry.sty
(C:\Users\ohian\AppData\Local\Programs\MiKTeX\tex/generic/iftex\ifvtex.sty)
(C:\Users\ohian\AppData\Local\Programs\MiKTeX\tex/latex/geometry\geometry.cfg))
(C:\Users\ohian\AppData\Local\Programs\MiKTeX\tex/latex/pgf/math\pgfmath.sty
(C:\Users\ohian\AppData\Local\Programs\MiKTeX\tex/latex/pgf/utilities\pgfrcs.st
y
(C:\Users\ohian\AppData\Local\Programs\MiKTeX\tex/generic/pgf/utilities\pgfutil
-common.tex
(C:\Users\ohian\AppData\Local\Programs\MiKTeX\tex/generic/pgf/utilities\pgfutil
-common-lists.tex))
(C:\Users\ohian\AppData\Local\Programs\MiKTeX\tex/generic/pgf/utilities\pgfutil
-latex.def)
(C:\Users\ohian\AppData\Local\Programs\MiKTeX\tex/generic/pgf/utilities\pgfrcs.
code.tex
(C:\Users\ohian\AppData\Local\Programs\MiKTeX\tex/generic/pgf\pgf.revision.tex)
))
(C:\Users\ohian\AppData\Local\Programs\MiKTeX\tex/latex/pgf/utilities\pgfkeys.s
ty
(C:\Users\ohian\AppData\Local\Programs\MiKTeX\tex/generic/pgf/utilities\pgfkeys
.code.tex
(C:\Users\ohian\AppData\Local\Programs\MiKTeX\tex/generic/pgf/utilities\pgfkeys
filtered.code.tex)))
(C:\Users\ohian\AppData\Local\Programs\MiKTeX\tex/generic/pgf/math\pgfmath.code
.tex
(C:\Users\ohian\AppData\Local\Programs\MiKTeX\tex/generic/pgf/math\pgfmathcalc.
code.tex
(C:\Users\ohian\AppData\Local\Programs\MiKTeX\tex/generic/pgf/math\pgfmathutil.
code.tex)
(C:\Users\ohian\AppData\Local\Programs\MiKTeX\tex/generic/pgf/math\pgfmathparse
r.code.tex)
(C:\Users\ohian\AppData\Local\Programs\MiKTeX\tex/generic/pgf/math\pgfmathfunct
ions.code.tex
(C:\Users\ohian\AppData\Local\Programs\MiKTeX\tex/generic/pgf/math\pgfmathfunct
ions.basic.code.tex)
(C:\Users\ohian\AppData\Local\Programs\MiKTeX\tex/generic/pgf/math\pgfmathfunct
ions.trigonometric.code.tex)
(C:\Users\ohian\AppData\Local\Programs\MiKTeX\tex/generic/pgf/math\pgfmathfunct
ions.random.code.tex)
(C:\Users\ohian\AppData\Local\Programs\MiKTeX\tex/generic/pgf/math\pgfmathfunct
ions.comparison.code.tex)
(C:\Users\ohian\AppData\Local\Programs\MiKTeX\tex/generic/pgf/math\pgfmathfunct
ions.base.code.tex)
(C:\Users\ohian\AppData\Local\Programs\MiKTeX\tex/generic/pgf/math\pgfmathfunct
ions.round.code.tex)
(C:\Users\ohian\AppData\Local\Programs\MiKTeX\tex/generic/pgf/math\pgfmathfunct
ions.misc.code.tex)
(C:\Users\ohian\AppData\Local\Programs\MiKTeX\tex/generic/pgf/math\pgfmathfunct
ions.integerarithmetics.code.tex)))
(C:\Users\ohian\AppData\Local\Programs\MiKTeX\tex/generic/pgf/math\pgfmathfloat
.code.tex)))
(C:\Users\ohian\AppData\Local\Programs\MiKTeX\tex/latex/base\size11.clo)
(C:\Users\ohian\AppData\Local\Programs\MiKTeX\tex/latex/pgf/basiclayer\pgfcore.
sty
(C:\Users\ohian\AppData\Local\Programs\MiKTeX\tex/latex/graphics\graphicx.sty
(C:\Users\ohian\AppData\Local\Programs\MiKTeX\tex/latex/graphics\graphics.sty
(C:\Users\ohian\AppData\Local\Programs\MiKTeX\tex/latex/graphics\trig.sty)
(C:\Users\ohian\AppData\Local\Programs\MiKTeX\tex/latex/graphics-cfg\graphics.c
fg)
(C:\Users\ohian\AppData\Local\Programs\MiKTeX\tex/latex/graphics-def\pdftex.def
)))
(C:\Users\ohian\AppData\Local\Programs\MiKTeX\tex/latex/pgf/systemlayer\pgfsys.
sty
(C:\Users\ohian\AppData\Local\Programs\MiKTeX\tex/generic/pgf/systemlayer\pgfsy
s.code.tex
(C:\Users\ohian\AppData\Local\Programs\MiKTeX\tex/generic/pgf/utilities\pgfkeys
.code.tex)
(C:\Users\ohian\AppData\Local\Programs\MiKTeX\tex/generic/pgf/systemlayer\pgf.c
fg)
(C:\Users\ohian\AppData\Local\Programs\MiKTeX\tex/generic/pgf/systemlayer\pgfsy
s-pdftex.def
(C:\Users\ohian\AppData\Local\Programs\MiKTeX\tex/generic/pgf/systemlayer\pgfsy
s-common-pdf.def)))
(C:\Users\ohian\AppData\Local\Programs\MiKTeX\tex/generic/pgf/systemlayer\pgfsy
ssoftpath.code.tex)
(C:\Users\ohian\AppData\Local\Programs\MiKTeX\tex/generic/pgf/systemlayer\pgfsy
sprotocol.code.tex))
(C:\Users\ohian\AppData\Local\Programs\MiKTeX\tex/latex/xcolor\xcolor.sty
(C:\Users\ohian\AppData\Local\Programs\MiKTeX\tex/latex/graphics-cfg\color.cfg)
)
(C:\Users\ohian\AppData\Local\Programs\MiKTeX\tex/generic/pgf/basiclayer\pgfcor
e.code.tex
(C:\Users\ohian\AppData\Local\Programs\MiKTeX\tex/generic/pgf/math\pgfmath.code
.tex)
(C:\Users\ohian\AppData\Local\Programs\MiKTeX\tex/generic/pgf/math\pgfint.code.
tex)
(C:\Users\ohian\AppData\Local\Programs\MiKTeX\tex/generic/pgf/basiclayer\pgfcor
epoints.code.tex)
(C:\Users\ohian\AppData\Local\Programs\MiKTeX\tex/generic/pgf/basiclayer\pgfcor
epathconstruct.code.tex)
(C:\Users\ohian\AppData\Local\Programs\MiKTeX\tex/generic/pgf/basiclayer\pgfcor
epathusage.code.tex)
(C:\Users\ohian\AppData\Local\Programs\MiKTeX\tex/generic/pgf/basiclayer\pgfcor
escopes.code.tex)
(C:\Users\ohian\AppData\Local\Programs\MiKTeX\tex/generic/pgf/basiclayer\pgfcor
egraphicstate.code.tex)
(C:\Users\ohian\AppData\Local\Programs\MiKTeX\tex/generic/pgf/basiclayer\pgfcor
etransformations.code.tex)
(C:\Users\ohian\AppData\Local\Programs\MiKTeX\tex/generic/pgf/basiclayer\pgfcor
equick.code.tex)
(C:\Users\ohian\AppData\Local\Programs\MiKTeX\tex/generic/pgf/basiclayer\pgfcor
eobjects.code.tex)
(C:\Users\ohian\AppData\Local\Programs\MiKTeX\tex/generic/pgf/basiclayer\pgfcor
epathprocessing.code.tex)
(C:\Users\ohian\AppData\Local\Programs\MiKTeX\tex/generic/pgf/basiclayer\pgfcor
earrows.code.tex)
(C:\Users\ohian\AppData\Local\Programs\MiKTeX\tex/generic/pgf/basiclayer\pgfcor
eshade.code.tex)
(C:\Users\ohian\AppData\Local\Programs\MiKTeX\tex/generic/pgf/basiclayer\pgfcor
eimage.code.tex
(C:\Users\ohian\AppData\Local\Programs\MiKTeX\tex/generic/pgf/basiclayer\pgfcor
eexternal.code.tex))
(C:\Users\ohian\AppData\Local\Programs\MiKTeX\tex/generic/pgf/basiclayer\pgfcor
elayers.code.tex)
(C:\Users\ohian\AppData\Local\Programs\MiKTeX\tex/generic/pgf/basiclayer\pgfcor
etransparency.code.tex)
(C:\Users\ohian\AppData\Local\Programs\MiKTeX\tex/generic/pgf/basiclayer\pgfcor
epatterns.code.tex)
(C:\Users\ohian\AppData\Local\Programs\MiKTeX\tex/generic/pgf/basiclayer\pgfcor
erdf.code.tex)))
(C:\Users\ohian\AppData\Local\Programs\MiKTeX\tex/latex/pgf/utilities\xxcolor.s
ty)
(C:\Users\ohian\AppData\Local\Programs\MiKTeX\tex/latex/base\atbegshi-ltx.sty)
(C:\Users\ohian\AppData\Local\Programs\MiKTeX\tex/latex/hyperref\hyperref.sty
(C:\Users\ohian\AppData\Local\Programs\MiKTeX\tex/generic/ltxcmds\ltxcmds.sty)
(C:\Users\ohian\AppData\Local\Programs\MiKTeX\tex/generic/pdftexcmds\pdftexcmds
.sty
(C:\Users\ohian\AppData\Local\Programs\MiKTeX\tex/generic/infwarerr\infwarerr.s
ty))
(C:\Users\ohian\AppData\Local\Programs\MiKTeX\tex/generic/kvsetkeys\kvsetkeys.s
ty)
(C:\Users\ohian\AppData\Local\Programs\MiKTeX\tex/generic/kvdefinekeys\kvdefine
keys.sty)
(C:\Users\ohian\AppData\Local\Programs\MiKTeX\tex/generic/pdfescape\pdfescape.s
ty) (C:\Users\ohian\AppData\Local\Programs\MiKTeX\tex/latex/hycolor\hycolor.sty
)
(C:\Users\ohian\AppData\Local\Programs\MiKTeX\tex/latex/letltxmacro\letltxmacro
.sty)
(C:\Users\ohian\AppData\Local\Programs\MiKTeX\tex/latex/auxhook\auxhook.sty)
(C:\Users\ohian\AppData\Local\Programs\MiKTeX\tex/latex/kvoptions\kvoptions.sty
) (C:\Users\ohian\AppData\Local\Programs\MiKTeX\tex/latex/hyperref\pd1enc.def)
(C:\Users\ohian\AppData\Local\Programs\MiKTeX\tex/generic/intcalc\intcalc.sty)
(C:\Users\ohian\AppData\Local\Programs\MiKTeX\tex/generic/etexcmds\etexcmds.sty
) (C:\Users\ohian\AppData\Local\Programs\MiKTeX\tex/latex/hyperref\puenc.def)
(C:\Users\ohian\AppData\Local\Programs\MiKTeX\tex/latex/url\url.sty)
(C:\Users\ohian\AppData\Local\Programs\MiKTeX\tex/generic/bitset\bitset.sty
(C:\Users\ohian\AppData\Local\Programs\MiKTeX\tex/generic/bigintcalc\bigintcalc
.sty))

Package hyperref Message: Stopped early.

) (C:\Users\ohian\AppData\Local\Programs\MiKTeX\tex/latex/hyperref\hpdftex.def
(C:\Users\ohian\AppData\Local\Programs\MiKTeX\tex/latex/base\atveryend-ltx.sty)

(C:\Users\ohian\AppData\Local\Programs\MiKTeX\tex/latex/rerunfilecheck\rerunfil
echeck.sty
(C:\Users\ohian\AppData\Local\Programs\MiKTeX\tex/generic/uniquecounter\uniquec
ounter.sty)))
(C:\Users\ohian\AppData\Local\Programs\MiKTeX\tex/latex/beamer\beamerbaserequir
es.sty
(C:\Users\ohian\AppData\Local\Programs\MiKTeX\tex/latex/beamer\beamerbasecompat
ibility.sty)
(C:\Users\ohian\AppData\Local\Programs\MiKTeX\tex/latex/beamer\beamerbasefont.s
ty (C:\Users\ohian\AppData\Local\Programs\MiKTeX\tex/latex/amsfonts\amssymb.sty
(C:\Users\ohian\AppData\Local\Programs\MiKTeX\tex/latex/amsfonts\amsfonts.sty))

(C:\Users\ohian\AppData\Local\Programs\MiKTeX\tex/latex/sansmathaccent\sansmath
accent.sty
(C:\Users\ohian\AppData\Local\Programs\MiKTeX\tex/latex/koma-script\scrlfile.st
y
(C:\Users\ohian\AppData\Local\Programs\MiKTeX\tex/latex/koma-script\scrlfile-ho
ok.sty
(C:\Users\ohian\AppData\Local\Programs\MiKTeX\tex/latex/koma-script\scrlogo.sty
)))))
(C:\Users\ohian\AppData\Local\Programs\MiKTeX\tex/latex/beamer\beamerbasetransl
ator.sty
(C:\Users\ohian\AppData\Local\Programs\MiKTeX\tex/latex/translator\translator.s
ty))
(C:\Users\ohian\AppData\Local\Programs\MiKTeX\tex/latex/beamer\beamerbasemisc.s
ty)
(C:\Users\ohian\AppData\Local\Programs\MiKTeX\tex/latex/beamer\beamerbasetwoscr
eens.sty)
(C:\Users\ohian\AppData\Local\Programs\MiKTeX\tex/latex/beamer\beamerbaseoverla
y.sty)
(C:\Users\ohian\AppData\Local\Programs\MiKTeX\tex/latex/beamer\beamerbasetitle.
sty)
(C:\Users\ohian\AppData\Local\Programs\MiKTeX\tex/latex/beamer\beamerbasesectio
n.sty)
(C:\Users\ohian\AppData\Local\Programs\MiKTeX\tex/latex/beamer\beamerbaseframe.
sty)
(C:\Users\ohian\AppData\Local\Programs\MiKTeX\tex/latex/beamer\beamerbaseverbat
im.sty)
(C:\Users\ohian\AppData\Local\Programs\MiKTeX\tex/latex/beamer\beamerbaseframes
ize.sty)
(C:\Users\ohian\AppData\Local\Programs\MiKTeX\tex/latex/beamer\beamerbaseframec
omponents.sty)
(C:\Users\ohian\AppData\Local\Programs\MiKTeX\tex/latex/beamer\beamerbasecolor.
sty)
(C:\Users\ohian\AppData\Local\Programs\MiKTeX\tex/latex/beamer\beamerbasenotes.
sty)
(C:\Users\ohian\AppData\Local\Programs\MiKTeX\tex/latex/beamer\beamerbasetoc.st
y)
(C:\Users\ohian\AppData\Local\Programs\MiKTeX\tex/latex/beamer\beamerbasetempla
tes.sty
(C:\Users\ohian\AppData\Local\Programs\MiKTeX\tex/latex/beamer\beamerbaseauxtem
plates.sty
(C:\Users\ohian\AppData\Local\Programs\MiKTeX\tex/latex/beamer\beamerbaseboxes.
sty)))
(C:\Users\ohian\AppData\Local\Programs\MiKTeX\tex/latex/beamer\beamerbaselocals
tructure.sty
(C:\Users\ohian\AppData\Local\Programs\MiKTeX\tex/latex/tools\enumerate.sty))
(C:\Users\ohian\AppData\Local\Programs\MiKTeX\tex/latex/beamer\beamerbasenaviga
tion.sty
(C:\Users\ohian\AppData\Local\Programs\MiKTeX\tex/latex/beamer\beamerbasenaviga
tionsymbols.tex))
(C:\Users\ohian\AppData\Local\Programs\MiKTeX\tex/latex/beamer\beamerbasetheore
ms.sty
(C:\Users\ohian\AppData\Local\Programs\MiKTeX\tex/latex/amsmath\amsmath.sty
For additional information on amsmath, use the `?' option.
(C:\Users\ohian\AppData\Local\Programs\MiKTeX\tex/latex/amsmath\amstext.sty
(C:\Users\ohian\AppData\Local\Programs\MiKTeX\tex/latex/amsmath\amsgen.sty))
(C:\Users\ohian\AppData\Local\Programs\MiKTeX\tex/latex/amsmath\amsbsy.sty)
(C:\Users\ohian\AppData\Local\Programs\MiKTeX\tex/latex/amsmath\amsopn.sty))
(C:\Users\ohian\AppData\Local\Programs\MiKTeX\tex/latex/amscls\amsthm.sty))
(C:\Users\ohian\AppData\Local\Programs\MiKTeX\tex/latex/beamer\beamerbasethemes
.sty))
(C:\Users\ohian\AppData\Local\Programs\MiKTeX\tex/latex/beamer\beamerthemedefau
lt.sty
(C:\Users\ohian\AppData\Local\Programs\MiKTeX\tex/latex/beamer\beamerfontthemed
efault.sty)
(C:\Users\ohian\AppData\Local\Programs\MiKTeX\tex/latex/beamer\beamercolortheme
default.sty)
(C:\Users\ohian\AppData\Local\Programs\MiKTeX\tex/latex/beamer\beamerinnertheme
default.sty)
(C:\Users\ohian\AppData\Local\Programs\MiKTeX\tex/latex/beamer\beameroutertheme
default.sty)))
(C:\Users\ohian\AppData\Local\Programs\MiKTeX\tex/latex/beamer\beamerthemeMadri
d.sty
(C:\Users\ohian\AppData\Local\Programs\MiKTeX\tex/latex/beamer\beamercolortheme
whale.sty)
(C:\Users\ohian\AppData\Local\Programs\MiKTeX\tex/latex/beamer\beamercolortheme
orchid.sty)
(C:\Users\ohian\AppData\Local\Programs\MiKTeX\tex/latex/beamer\beamerinnertheme
rounded.sty)
(C:\Users\ohian\AppData\Local\Programs\MiKTeX\tex/latex/beamer\beameroutertheme
infolines.sty))
(C:\Users\ohian\AppData\Local\Programs\MiKTeX\tex/latex/beamer\beamercolortheme
seahorse.sty)
(C:\Users\ohian\AppData\Local\Programs\MiKTeX\tex/latex/booktabs\booktabs.sty)
(C:\Users\ohian\AppData\Local\Programs\MiKTeX\tex/latex/l3backend\l3backend-pdf
tex.def) (pbox_talk.aux)
*geometry* driver: auto-detecting
*geometry* detected driver: pdftex

(C:\Users\ohian\AppData\Local\Programs\MiKTeX\tex/context/base/mkii\supp-pdf.mk
ii
[Loading MPS to PDF converter (version 2006.09.02).]
)
(C:\Users\ohian\AppData\Local\Programs\MiKTeX\tex/latex/epstopdf-pkg\epstopdf-b
ase.sty
(C:\Users\ohian\AppData\Local\Programs\MiKTeX\tex/latex/00miktex\epstopdf-sys.c
fg))
(C:\Users\ohian\AppData\Local\Programs\MiKTeX\tex/latex/hyperref\nameref.sty
(C:\Users\ohian\AppData\Local\Programs\MiKTeX\tex/latex/refcount\refcount.sty)
(C:\Users\ohian\AppData\Local\Programs\MiKTeX\tex/generic/gettitlestring\gettit
lestring.sty)) (pbox_talk.out) (pbox_talk.out)
(C:\Users\ohian\AppData\Local\Programs\MiKTeX\tex/latex/translator\translator-b
asic-dictionary-English.dict)
(C:\Users\ohian\AppData\Local\Programs\MiKTeX\tex/latex/translator\translator-b
ibliography-dictionary-English.dict)
(C:\Users\ohian\AppData\Local\Programs\MiKTeX\tex/latex/translator\translator-e
nvironment-dictionary-English.dict)
(C:\Users\ohian\AppData\Local\Programs\MiKTeX\tex/latex/translator\translator-m
onths-dictionary-English.dict)
(C:\Users\ohian\AppData\Local\Programs\MiKTeX\tex/latex/translator\translator-n
umbers-dictionary-English.dict)
(C:\Users\ohian\AppData\Local\Programs\MiKTeX\tex/latex/translator\translator-t
heorem-dictionary-English.dict) (pbox_talk.nav) [1{C:/Users/ohian/AppData/Local
/MiKTeX/fonts/map/pdftex/pdftex.map}]
(C:\Users\ohian\AppData\Local\Programs\MiKTeX\tex/latex/amsfonts\umsa.fd)
(C:\Users\ohian\AppData\Local\Programs\MiKTeX\tex/latex/amsfonts\umsb.fd)
(C:\Users\ohian\AppData\Local\Programs\MiKTeX\tex/latex/sansmathaccent\ot1mathk
erncmss.fd) [2 <../latex_revised/figures//rId34.png>] [3] [4 <../latex_revised/
figures//rId46.png>] [5 <../latex_revised/figures//width_correlation.pdf>]
Overfull \hbox (8.01207pt too wide) in paragraph at lines 140--140
 [] 
[6] [7] [8] [9] [10] [11] [12 <../latex_revised/figures//envelope.pdf>]
[13 <../latex_revised/figures//drone_reliability_map.pdf>] [14] [15]
(pbox_talk.aux) )
(see the transcript file for additional information)<C:/Users/ohian/AppData/Loc
al/Programs/MiKTeX/fonts/type1/public/amsfonts/cm/cmex10.pfb><C:/Users/ohian/Ap
pData/Local/Programs/MiKTeX/fonts/type1/public/amsfonts/cm/cmmi10.pfb><C:/Users
/ohian/AppData/Local/Programs/MiKTeX/fonts/type1/public/amsfonts/cm/cmss10.pfb>
<C:/Users/ohian/AppData/Local/Programs/MiKTeX/fonts/type1/public/amsfonts/cm/cm
ss12.pfb><C:/Users/ohian/AppData/Local/Programs/MiKTeX/fonts/type1/public/amsfo
nts/cm/cmss8.pfb><C:/Users/ohian/AppData/Local/Programs/MiKTeX/fonts/type1/publ
ic/amsfonts/cm/cmssbx10.pfb><C:/Users/ohian/AppData/Local/Programs/MiKTeX/fonts
/type1/public/amsfonts/cm/cmssi10.pfb><C:/Users/ohian/AppData/Local/Programs/Mi
KTeX/fonts/type1/public/amsfonts/cm/cmssi8.pfb><C:/Users/ohian/AppData/Local/Pr
ograms/MiKTeX/fonts/type1/public/amsfonts/cm/cmsy10.pfb><C:/Users/ohian/AppData
/Local/Programs/MiKTeX/fonts/type1/public/amsfonts/cm/cmsy7.pfb><C:/Users/ohian
/AppData/Local/Programs/MiKTeX/fonts/type1/public/amsfonts/cm/cmsy8.pfb><C:/Use
rs/ohian/AppData/Local/Programs/MiKTeX/fonts/type1/public/amsfonts/symbols/msam
10.pfb>
Output written on pbox_talk.pdf (15 pages, 428790 bytes).
Transcript written on pbox_talk.log.
