\BOOKMARK [0][-]{chapter*.1}{\376\377\000D\000e\000c\000l\000a\000r\000a\000t\000i\000o\000n\000\040\000o\000f\000\040\000A\000u\000t\000h\000e\000n\000t\000i\000c\000i\000t\000y\000\040\000a\000n\000d\000\040\000A\000u\000t\000h\000o\000r\000'\000s\000\040\000R\000i\000g\000h\000t\000s}{}% 1
\BOOKMARK [0][-]{chapter*.2}{\376\377\000A\000b\000s\000t\000r\000a\000c\000t}{}% 2
\BOOKMARK [0][-]{chapter*.3}{\376\377\000A\000c\000k\000n\000o\000w\000l\000e\000d\000g\000e\000m\000e\000n\000t\000s}{}% 3
\BOOKMARK [0][-]{chapter*.8}{\376\377\000N\000o\000m\000e\000n\000c\000l\000a\000t\000u\000r\000e}{}% 4
\BOOKMARK [0][-]{chapter.1}{\376\377\0001\000\040\000I\000n\000t\000r\000o\000d\000u\000c\000t\000i\000o\000n}{}% 5
\BOOKMARK [0][-]{chapter.2}{\376\377\0002\000\040\000L\000i\000t\000e\000r\000a\000t\000u\000r\000e\000\040\000R\000e\000v\000i\000e\000w}{}% 6
\BOOKMARK [0][-]{chapter.3}{\376\377\0003\000\040\000C\000o\000m\000p\000l\000e\000x\000\040\000P\000r\000o\000c\000e\000s\000s\000e\000s\000\040\000a\000s\000\040\000D\000i\000r\000e\000c\000t\000e\000d\000\040\000A\000c\000y\000c\000l\000i\000c\000\040\000G\000r\000a\000p\000h\000s}{}% 7
\BOOKMARK [1][-]{section.3.1}{\376\377\0003\000.\0001\000\040\000I\000n\000t\000r\000o\000d\000u\000c\000t\000i\000o\000n}{chapter.3}% 8
\BOOKMARK [1][-]{section.3.2}{\376\377\0003\000.\0002\000\040\000F\000r\000o\000m\000\040\000P\000r\000o\000c\000e\000s\000s\000\040\000t\000o\000\040\000G\000r\000a\000p\000h}{chapter.3}% 9
\BOOKMARK [1][-]{section.3.3}{\376\377\0003\000.\0003\000\040\000N\000o\000d\000e\000\040\000R\000o\000l\000e\000s}{chapter.3}% 10
\BOOKMARK [1][-]{section.3.4}{\376\377\0003\000.\0004\000\040\000T\000h\000e\000\040\000F\000o\000r\000m\000a\000l\000\040\000O\000b\000j\000e\000c\000t}{chapter.3}% 11
\BOOKMARK [1][-]{section.3.5}{\376\377\0003\000.\0005\000\040\000I\000n\000f\000o\000r\000m\000a\000t\000i\000o\000n\000\040\000o\000n\000\040\000t\000h\000e\000\040\000N\000e\000t\000w\000o\000r\000k}{chapter.3}% 12
\BOOKMARK [1][-]{section.3.6}{\376\377\0003\000.\0006\000\040\000A\000s\000s\000u\000m\000p\000t\000i\000o\000n\000s\000\040\000a\000n\000d\000\040\000L\000i\000m\000i\000t\000s}{chapter.3}% 13
\BOOKMARK [1][-]{section.3.7}{\376\377\0003\000.\0007\000\040\000T\000h\000r\000e\000e\000\040\000Q\000u\000e\000s\000t\000i\000o\000n\000s}{chapter.3}% 14
\BOOKMARK [0][-]{chapter.4}{\376\377\0004\000\040\000I\000n\000p\000u\000t\000\040\000P\000r\000o\000c\000e\000s\000s\000i\000n\000g\000\040\000M\000o\000d\000u\000l\000e}{}% 15
\BOOKMARK [1][-]{section.4.1}{\376\377\0004\000.\0001\000\040\000I\000n\000t\000r\000o\000d\000u\000c\000t\000i\000o\000n}{chapter.4}% 16
\BOOKMARK [1][-]{section.4.2}{\376\377\0004\000.\0002\000\040\000F\000i\000l\000e\000\040\000P\000a\000r\000s\000e\000r\000s}{chapter.4}% 17
\BOOKMARK [2][-]{subsection.4.2.1}{\376\377\0004\000.\0002\000.\0001\000\040\000N\000e\000t\000w\000o\000r\000k\000\040\000F\000i\000l\000e\000\040\000P\000a\000r\000s\000e\000r}{section.4.2}% 18
\BOOKMARK [2][-]{subsection.4.2.2}{\376\377\0004\000.\0002\000.\0002\000\040\000M\000e\000t\000a\000D\000a\000t\000a\000\040\000P\000a\000r\000s\000e\000r}{section.4.2}% 19
\BOOKMARK [1][-]{section.4.3}{\376\377\0004\000.\0003\000\040\000I\000P\000F\000'\000s\000\040\000G\000r\000a\000p\000h\000\040\000O\000b\000j\000e\000c\000t}{chapter.4}% 20
\BOOKMARK [2][-]{subsection.4.3.1}{\376\377\0004\000.\0003\000.\0001\000\040\000T\000o\000p\000o\000l\000o\000g\000i\000c\000a\000l\000\040\000S\000o\000r\000t\000i\000n\000g\000\040\000i\000n\000\040\000D\000A\000G\000s}{section.4.3}% 21
\BOOKMARK [2][-]{subsection.4.3.2}{\376\377\0004\000.\0003\000.\0002\000\040\000E\000x\000t\000e\000n\000d\000e\000d\000\040\000N\000e\000t\000w\000o\000r\000k\000\040\000P\000r\000o\000p\000e\000r\000t\000i\000e\000s}{section.4.3}% 22
\BOOKMARK [2][-]{subsection.4.3.3}{\376\377\0004\000.\0003\000.\0003\000\040\000T\000h\000e\000\040\000U\000n\000i\000f\000i\000e\000d\000\040\000G\000r\000a\000p\000h\000\040\000O\000b\000j\000e\000c\000t}{section.4.3}% 23
\BOOKMARK [2][-]{subsection.4.3.4}{\376\377\0004\000.\0003\000.\0004\000\040\000W\000h\000y\000\040\000n\000o\000t\000\040\000J\000u\000l\000i\000a\000'\000s\000\040\000N\000a\000t\000i\000v\000e\000\040\000G\000r\000a\000p\000h\000\040\000O\000b\000j\000e\000c\000t\000?}{section.4.3}% 24
\BOOKMARK [0][-]{chapter.5}{\376\377\0005\000\040\000\040\000S\000u\000b\000-\000g\000r\000a\000p\000h\000\040\000D\000e\000c\000o\000m\000p\000o\000s\000i\000t\000i\000o\000n\000:\000\040\000D\000i\000a\000m\000o\000n\000d\000\040\000P\000r\000o\000c\000e\000s\000s\000i\000n\000g\000\040\000M\000o\000d\000u\000l\000e}{}% 25
\BOOKMARK [1][-]{section.5.1}{\376\377\0005\000.\0001\000\040\000I\000n\000t\000r\000o\000d\000u\000c\000t\000i\000o\000n}{chapter.5}% 26
\BOOKMARK [2][-]{subsection.5.1.1}{\376\377\0005\000.\0001\000.\0001\000\040\000D\000e\000c\000o\000m\000p\000o\000s\000i\000t\000i\000o\000n\000\040\000i\000n\000\040\000C\000o\000m\000p\000l\000e\000x\000\040\000N\000e\000t\000w\000o\000r\000k\000s}{section.5.1}% 27
\BOOKMARK [1][-]{section.5.2}{\376\377\0005\000.\0002\000\040\000P\000r\000e\000l\000i\000m\000i\000n\000a\000r\000i\000e\000s\000\040\000a\000n\000d\000\040\000D\000e\000f\000i\000n\000i\000t\000i\000o\000n\000s}{chapter.5}% 28
\BOOKMARK [1][-]{section.5.3}{\376\377\0005\000.\0003\000\040\000A\000\040\000C\000o\000n\000f\000i\000g\000u\000r\000a\000b\000l\000e\000\040\000T\000a\000r\000g\000e\000t\000\040\000S\000u\000b\000g\000r\000a\000p\000h}{chapter.5}% 29
\BOOKMARK [1][-]{section.5.4}{\376\377\0005\000.\0004\000\040\000T\000h\000e\000\040\000I\000d\000e\000n\000t\000i\000f\000i\000c\000a\000t\000i\000o\000n\000\040\000A\000l\000g\000o\000r\000i\000t\000h\000m}{chapter.5}% 30
\BOOKMARK [2][-]{subsection.5.4.1}{\376\377\0005\000.\0004\000.\0001\000\040\000C\000o\000n\000d\000i\000t\000i\000o\000n\000i\000n\000g\000\040\000o\000n\000l\000y\000\040\000w\000h\000e\000r\000e\000\040\000c\000o\000r\000r\000e\000l\000a\000t\000i\000o\000n\000\040\000e\000x\000i\000s\000t\000s}{section.5.4}% 31
\BOOKMARK [2][-]{subsection.5.4.2}{\376\377\0005\000.\0004\000.\0002\000\040\000I\000n\000d\000e\000p\000e\000n\000d\000e\000n\000c\000e\000\040\000p\000a\000r\000t\000i\000t\000i\000o\000n\000i\000n\000g}{section.5.4}% 32
\BOOKMARK [2][-]{subsection.5.4.3}{\376\377\0005\000.\0004\000.\0003\000\040\000F\000o\000r\000k\000\040\000s\000e\000l\000e\000c\000t\000i\000o\000n}{section.5.4}% 33
\BOOKMARK [2][-]{subsection.5.4.4}{\376\377\0005\000.\0004\000.\0004\000\040\000T\000h\000e\000\040\000r\000e\000c\000u\000r\000s\000i\000v\000e\000\040\000l\000o\000o\000p}{section.5.4}% 34
\BOOKMARK [2][-]{subsection.5.4.5}{\376\377\0005\000.\0004\000.\0005\000\040\000E\000d\000g\000e\000\040\000c\000o\000n\000s\000t\000r\000u\000c\000t\000i\000o\000n\000\040\000a\000n\000d\000\040\000i\000s\000o\000l\000a\000t\000i\000o\000n}{section.5.4}% 35
\BOOKMARK [2][-]{subsection.5.4.6}{\376\377\0005\000.\0004\000.\0006\000\040\000C\000o\000n\000t\000e\000x\000t\000-\000a\000w\000a\000r\000e\000\040\000i\000d\000e\000n\000t\000i\000t\000y}{section.5.4}% 36
\BOOKMARK [2][-]{subsection.5.4.7}{\376\377\0005\000.\0004\000.\0007\000\040\000T\000h\000e\000\040\000e\000x\000c\000l\000u\000s\000i\000o\000n\000\040\000p\000r\000e\000d\000i\000c\000a\000t\000e\000\040\000i\000s\000\137\000d\000e\000t}{section.5.4}% 37
\BOOKMARK [1][-]{section.5.5}{\376\377\0005\000.\0005\000\040\000S\000t\000r\000u\000c\000t\000u\000r\000a\000l\000\040\000C\000o\000r\000r\000e\000c\000t\000n\000e\000s\000s}{chapter.5}% 38
\BOOKMARK [1][-]{section.5.6}{\376\377\0005\000.\0006\000\040\000R\000e\000p\000r\000e\000s\000e\000n\000t\000a\000t\000i\000o\000n\000\040\000a\000n\000d\000\040\000R\000e\000u\000s\000e}{chapter.5}% 39
\BOOKMARK [2][-]{subsection.5.6.1}{\376\377\0005\000.\0006\000.\0001\000\040\000D\000i\000a\000m\000o\000n\000d\000s\000\040\000a\000s\000\040\000g\000r\000a\000p\000h\000\040\000o\000b\000j\000e\000c\000t\000s}{section.5.6}% 40
\BOOKMARK [2][-]{subsection.5.6.2}{\376\377\0005\000.\0006\000.\0002\000\040\000D\000e\000d\000u\000p\000l\000i\000c\000a\000t\000i\000o\000n\000\040\000b\000y\000\040\000h\000a\000s\000h\000-\000c\000o\000n\000s\000i\000n\000g}{section.5.6}% 41
\BOOKMARK [1][-]{section.5.7}{\376\377\0005\000.\0007\000\040\000W\000o\000r\000k\000e\000d\000\040\000E\000x\000a\000m\000p\000l\000e\000s}{chapter.5}% 42
\BOOKMARK [2][-]{subsection.5.7.1}{\376\377\0005\000.\0007\000.\0001\000\040\000T\000h\000e\000\040\000a\000t\000o\000m\000i\000c\000\040\000d\000i\000a\000m\000o\000n\000d}{section.5.7}% 43
\BOOKMARK [2][-]{subsection.5.7.2}{\376\377\0005\000.\0007\000.\0002\000\040\000A\000\040\000n\000e\000s\000t\000e\000d\000\040\000d\000e\000c\000o\000m\000p\000o\000s\000i\000t\000i\000o\000n}{section.5.7}% 44
\BOOKMARK [1][-]{section.5.8}{\376\377\0005\000.\0008\000\040\000S\000u\000m\000m\000a\000r\000y}{chapter.5}% 45
\BOOKMARK [0][-]{chapter.6}{\376\377\0006\000\040\000\040\000I\000n\000f\000o\000r\000m\000a\000t\000i\000o\000n\000\040\000A\000s\000\040\000P\000r\000o\000b\000a\000b\000i\000l\000i\000t\000i\000e\000s\000:\000\040\000P\000r\000o\000b\000a\000b\000i\000l\000i\000t\000y\000\040\000P\000r\000o\000p\000a\000g\000a\000t\000i\000o\000n\000\040\000T\000o\000o\000l\000k\000i\000t}{}% 46
\BOOKMARK [0][-]{chapter.7}{\376\377\0007\000\040\000\040\000I\000n\000f\000o\000r\000m\000a\000t\000i\000o\000n\000\040\000A\000s\000\040\000R\000e\000s\000o\000u\000r\000c\000e\000s\000:\000\040\000C\000a\000p\000a\000c\000i\000t\000y\000\040\000F\000l\000o\000w\000\040\000T\000o\000o\000l\000k\000i\000t}{}% 47
\BOOKMARK [1][-]{section.7.1}{\376\377\0007\000.\0001\000\040\000I\000n\000t\000r\000o\000d\000u\000c\000t\000i\000o\000n}{chapter.7}% 48
\BOOKMARK [1][-]{section.7.2}{\376\377\0007\000.\0002\000\040\000M\000a\000t\000h\000e\000m\000a\000t\000i\000c\000a\000l\000\040\000M\000o\000d\000e\000l\000\040\000a\000n\000d\000\040\000N\000e\000t\000w\000o\000r\000k\000\040\000F\000l\000o\000w\000\040\000S\000e\000m\000a\000n\000t\000i\000c\000s}{chapter.7}% 49
\BOOKMARK [1][-]{section.7.3}{\376\377\0007\000.\0003\000\040\000A\000v\000a\000i\000l\000a\000b\000l\000e\000\040\000M\000o\000d\000u\000l\000e\000s}{chapter.7}% 50
\BOOKMARK [1][-]{section.7.4}{\376\377\0007\000.\0004\000\040\000B\000a\000s\000e\000\040\000F\000l\000o\000w\000\040\000M\000o\000d\000u\000l\000e}{chapter.7}% 51
\BOOKMARK [2][-]{subsection.7.4.1}{\376\377\0007\000.\0004\000.\0001\000\040\000M\000a\000x\000-\000F\000l\000o\000w\000\040\000M\000i\000n\000-\000C\000u\000t\000\040\000S\000o\000l\000v\000e\000r\000s}{section.7.4}% 52
\BOOKMARK [2][-]{subsection.7.4.2}{\376\377\0007\000.\0004\000.\0002\000\040\000P\000u\000s\000h\000-\000R\000e\000l\000a\000b\000e\000l\000\040\000S\000o\000l\000v\000e\000r}{section.7.4}% 53
\BOOKMARK [1][-]{section.7.5}{\376\377\0007\000.\0005\000\040\000N\000e\000t\000w\000o\000r\000k\000\040\000F\000l\000o\000w\000\040\000D\000i\000a\000g\000n\000o\000s\000t\000i\000c\000s}{chapter.7}% 54
\BOOKMARK [2][-]{subsection.7.5.1}{\376\377\0007\000.\0005\000.\0001\000\040\000M\000i\000n\000-\000C\000u\000t\000\040\000U\000t\000i\000l\000i\000t\000y\000\040\000M\000o\000d\000u\000l\000e}{section.7.5}% 55
\BOOKMARK [2][-]{subsection.7.5.2}{\376\377\0007\000.\0005\000.\0002\000\040\000S\000t\000r\000u\000c\000t\000u\000r\000e\000\040\000U\000t\000i\000l\000i\000t\000y\000\040\000M\000o\000d\000u\000l\000e}{section.7.5}% 56
\BOOKMARK [2][-]{subsection.7.5.3}{\376\377\0007\000.\0005\000.\0003\000\040\000F\000l\000o\000w\000\040\000S\000e\000n\000s\000i\000t\000i\000v\000i\000t\000y\000\040\000M\000o\000d\000u\000l\000e}{section.7.5}% 57
\BOOKMARK [2][-]{subsection.7.5.4}{\376\377\0007\000.\0005\000.\0004\000\040\000F\000a\000i\000l\000u\000r\000e\000\040\000I\000m\000p\000a\000c\000t\000\040\000M\000o\000d\000u\000l\000e}{section.7.5}% 58
\BOOKMARK [2][-]{subsection.7.5.5}{\376\377\0007\000.\0005\000.\0005\000\040\000P\000a\000r\000a\000m\000e\000t\000r\000i\000c\000\040\000T\000h\000r\000e\000s\000h\000o\000l\000d\000\040\000M\000o\000d\000u\000l\000e}{section.7.5}% 59
\BOOKMARK [1][-]{section.7.6}{\376\377\0007\000.\0006\000\040\000E\000x\000a\000c\000t\000n\000e\000s\000s\000,\000\040\000V\000a\000l\000i\000d\000a\000t\000i\000o\000n\000,\000\040\000a\000n\000d\000\040\000S\000c\000o\000p\000e}{chapter.7}% 60
\BOOKMARK [2][-]{subsection.7.6.1}{\376\377\0007\000.\0006\000.\0001\000\040\000P\000o\000s\000t\000-\000s\000o\000l\000v\000e\000\040\000v\000a\000l\000i\000d\000a\000t\000i\000o\000n}{section.7.6}% 61
\BOOKMARK [2][-]{subsection.7.6.2}{\376\377\0007\000.\0006\000.\0002\000\040\000S\000c\000o\000p\000e\000\040\000o\000f\000\040\000r\000e\000s\000u\000l\000t\000s}{section.7.6}% 62
\BOOKMARK [2][-]{subsection.7.6.3}{\376\377\0007\000.\0006\000.\0003\000\040\000C\000o\000m\000p\000u\000t\000a\000t\000i\000o\000n\000a\000l\000\040\000C\000o\000m\000p\000l\000e\000x\000i\000t\000y}{section.7.6}% 63
\BOOKMARK [1][-]{section.7.7}{\376\377\0007\000.\0007\000\040\000N\000e\000t\000w\000o\000r\000k\000\040\000F\000l\000o\000w\000\040\000O\000u\000t\000p\000u\000t\000\040\000S\000t\000r\000u\000c\000t\000u\000r\000e}{chapter.7}% 64
\BOOKMARK [1][-]{section.7.8}{\376\377\0007\000.\0008\000\040\000C\000a\000s\000e\000\040\000S\000t\000u\000d\000y\000:\000\040\000S\000y\000n\000t\000h\000e\000t\000i\000c\000\040\000B\000e\000n\000c\000h\000m\000a\000r\000k\000\040\000N\000e\000t\000w\000o\000r\000k}{chapter.7}% 65
\BOOKMARK [2][-]{subsection.7.8.1}{\376\377\0007\000.\0008\000.\0001\000\040\000B\000e\000n\000c\000h\000m\000a\000r\000k\000\040\000N\000e\000t\000w\000o\000r\000k\000\040\000D\000e\000s\000i\000g\000n}{section.7.8}% 66
\BOOKMARK [2][-]{subsection.7.8.2}{\376\377\0007\000.\0008\000.\0002\000\040\000C\000o\000m\000p\000a\000r\000a\000t\000i\000v\000e\000\040\000R\000e\000s\000u\000l\000t\000s\000\040\000\050\000C\000o\000n\000f\000i\000g\000\040\000A\000\040\000v\000s\000\040\000C\000o\000n\000f\000i\000g\000\040\000B\000\051}{section.7.8}% 67
\BOOKMARK [0][-]{section*.60}{\376\377\000A\000p\000p\000e\000n\000d\000i\000c\000e\000s}{}% 68
\BOOKMARK [0][-]{appendix.8}{\376\377\0008\000\040\000\040\000I\000n\000f\000o\000r\000m\000a\000t\000i\000o\000n\000\040\000A\000s\000\040\000S\000c\000h\000e\000d\000u\000l\000e\000\040\000a\000n\000d\000\040\000C\000o\000s\000t\000:\000\040\000C\000r\000i\000t\000i\000c\000a\000l\000\040\000P\000a\000t\000h\000\040\000T\000o\000o\000l\000k\000i\000t}{}% 69
\BOOKMARK [1][-]{section.8.1}{\376\377\0008\000.\0001\000\040\000I\000n\000t\000r\000o\000d\000u\000c\000t\000i\000o\000n}{appendix.8}% 70
\BOOKMARK [1][-]{section.8.2}{\376\377\0008\000.\0002\000\040\000S\000c\000h\000e\000d\000u\000l\000i\000n\000g\000\040\000A\000n\000a\000l\000y\000s\000i\000s\000\040\000o\000n\000\040\000N\000e\000t\000w\000o\000r\000k\000s}{appendix.8}% 71
\BOOKMARK [1][-]{section.8.3}{\376\377\0008\000.\0003\000\040\000A\000n\000a\000l\000y\000s\000i\000s\000\040\000M\000o\000d\000e\000s}{appendix.8}% 72
\BOOKMARK [1][-]{section.8.4}{\376\377\0008\000.\0004\000\040\000T\000h\000e\000\040\000T\000w\000o\000\040\000K\000e\000r\000n\000e\000l\000s}{appendix.8}% 73
\BOOKMARK [1][-]{section.8.5}{\376\377\0008\000.\0005\000\040\000I\000n\000t\000e\000r\000v\000a\000l\000\040\000A\000n\000a\000l\000y\000s\000i\000s}{appendix.8}% 74
\BOOKMARK [1][-]{section.8.6}{\376\377\0008\000.\0006\000\040\000E\000x\000a\000c\000t\000\040\000I\000n\000t\000e\000r\000v\000a\000l\000\040\000F\000l\000o\000a\000t\000s\000:\000\040\000t\000h\000e\000\040\000D\000o\000m\000i\000n\000a\000t\000i\000o\000n\000\040\000S\000p\000l\000i\000t}{appendix.8}% 75
\BOOKMARK [1][-]{section.8.7}{\376\377\0008\000.\0007\000\040\000C\000a\000s\000e\000\040\000S\000t\000u\000d\000i\000e\000s}{appendix.8}% 76
\BOOKMARK [2][-]{subsection.8.7.1}{\376\377\0008\000.\0007\000.\0001\000\040\000O\000n\000e\000\040\000n\000e\000t\000w\000o\000r\000k\000,\000\040\000f\000o\000u\000r\000\040\000q\000u\000e\000s\000t\000i\000o\000n\000s}{section.8.7}% 77
\BOOKMARK [2][-]{subsection.8.7.2}{\376\377\0008\000.\0007\000.\0002\000\040\000T\000h\000e\000\040\000m\000o\000s\000t\000\040\000r\000e\000l\000i\000a\000b\000l\000e\000\040\000r\000o\000u\000t\000e}{section.8.7}% 78
\BOOKMARK [2][-]{subsection.8.7.3}{\376\377\0008\000.\0007\000.\0003\000\040\000T\000h\000e\000\040\000b\000o\000u\000n\000d\000a\000r\000y}{section.8.7}% 79
\BOOKMARK [1][-]{section.8.8}{\376\377\0008\000.\0008\000\040\000G\000e\000n\000e\000r\000i\000c\000i\000t\000y}{appendix.8}% 80
\BOOKMARK [1][-]{section.8.9}{\376\377\0008\000.\0009\000\040\000S\000u\000m\000m\000a\000r\000y}{appendix.8}% 81
\BOOKMARK [0][-]{appendix.9}{\376\377\0009\000\040\000\040\000P\000a\000c\000k\000a\000g\000e\000\040\000I\000m\000p\000l\000e\000m\000e\000n\000t\000a\000t\000i\000o\000n\000\040\000i\000n\000\040\000J\000u\000l\000i\000a\000\040}{}% 82
\BOOKMARK [0][-]{appendix.10}{\376\377\0001\0000\000\040\000\040\000T\000h\000e\000\040\000N\000o\000-\000C\000o\000d\000e\000\040\000W\000e\000b\000\040\000I\000n\000t\000e\000r\000f\000a\000c\000e\000\040}{}% 83
\BOOKMARK [0][-]{appendix.11}{\376\377\0001\0001\000\040\000A\000n\000\040\000E\000n\000d\000-\000t\000o\000-\000E\000n\000d\000\040\000F\000r\000a\000m\000e\000w\000o\000r\000k\000\040\000A\000p\000p\000l\000i\000c\000a\000t\000i\000o\000n\000:\000\040\000A\000n\000\040\000I\000n\000t\000e\000g\000r\000a\000t\000e\000d\000\040\000C\000a\000s\000e\000\040\000S\000t\000u\000d\000y\000\040}{}% 84
